[     537ms] [INFO] %cDownload the React DevTools for a better development experience: https://reactjs.org/link/react-devtools font-weight:bold @ http://restaurant21.lobytech.test:3002/node_modules/.vite/deps/chunk-GYWC62UC.js?v=23710b64:21535
[     622ms] [LOG] 0 @ http://restaurant21.lobytech.test:3002/src/presentation/views/Modules/Admin/Views/VentasRealizadas/index.tsx?t=1787529772918:174
[     626ms] [ERROR] Warning: Each child in a list should have a unique "key" prop.%s%s See https://reactjs.org/link/warning-keys for more information.%s 

Check the render method of `Indicadores`.  
    at Indicador (http://restaurant21.lobytech.test:3002/src/presentation/views/Modules/Admin/Views/VentasRealizadas/Indicadores/Indicador.tsx:20:3)
    at Indicadores (http://restaurant21.lobytech.test:3002/src/presentation/views/Modules/Admin/Views/VentasRealizadas/Indicadores/Indicadores.tsx:20:3)
    at div
    at div
    at div
    at div
    at div
    at VentasRealizadas (http://restaurant21.lobytech.test:3002/src/presentation/views/Modules/Admin/Views/VentasRealizadas/index.tsx?t=1787529772918:70:41)
    at RenderedRoute (http://restaurant21.lobytech.test:3002/node_modules/.vite/deps/react-router-dom.js?v=23710b64:3310:5)
    at Outlet (http://restaurant21.lobytech.test:3002/node_modules/.vite/deps/react-router-dom.js?v=23710b64:3703:26)
    at div
    at div
    at div
    at LayoutView (http://restaurant21.lobytech.test:3002/src/components/Sidebar/index.tsx?t=1787527165311:31:20)
    at RenderedRoute (http://restaurant21.lobytech.test:3002/node_modules/.vite/deps/react-router-dom.js?v=23710b64:3310:5)
    at Routes (http://restaurant21.lobytech.test:3002/node_modules/.vite/deps/react-router-dom.js?v=23710b64:3763:5)
    at div
    at Router (http://restaurant21.lobytech.test:3002/node_modules/.vite/deps/react-router-dom.js?v=23710b64:3710:15)
    at BrowserRouter (http://restaurant21.lobytech.test:3002/node_modules/.vite/deps/react-router-dom.js?v=23710b64:4190:5)
    at Dashboard
    at QueryClientProvider2 (http://restaurant21.lobytech.test:3002/node_modules/.vite/deps/react-query.js?v=23710b64:2647:21)
    at Provider (http://restaurant21.lobytech.test:3002/node_modules/.vite/deps/react-redux.js?v=23710b64:1481:3)
    at App (http://restaurant21.lobytech.test:3002/src/App.tsx?t=1787529772918:31:7)
    at Provider (http://restaurant21.lobytech.test:3002/node_modules/.vite/deps/react-redux.js?v=23710b64:1481:3) @ http://restaurant21.lobytech.test:3002/node_modules/.vite/deps/react_jsx-dev-runtime.js?v=23710b64:63
[     636ms] [LOG] activeVentas null @ http://restaurant21.lobytech.test:3002/src/components/Modal/Admin/Ventas/index.tsx?t=1787493067224:39
[     636ms] [LOG] undefined @ http://restaurant21.lobytech.test:3002/src/components/Modal/Admin/Ventas/index.tsx?t=1787493067224:40
[     636ms] [LOG] [] @ http://restaurant21.lobytech.test:3002/src/components/Modal/Admin/Ventas/index.tsx?t=1787493067224:47
[     637ms] [LOG] 23/08/2026 @ http://restaurant21.lobytech.test:3002/src/components/Modal/Admin/Ventas/index.tsx?t=1787493067224:53
[     637ms] [LOG] Sun Aug 23 2026 00:00:00 GMT-0500 (hora estándar de Perú) @ http://restaurant21.lobytech.test:3002/src/components/Modal/Admin/Ventas/index.tsx?t=1787493067224:63
[     637ms] [LOG] 1 @ http://restaurant21.lobytech.test:3002/src/components/Modal/Admin/Ventas/index.tsx?t=1787493067224:79
[     638ms] [LOG] {habitacionId: 0, habitacion: , anfitrionaId: 0, anfitriona: , turno: } @ http://restaurant21.lobytech.test:3002/src/components/Modal/Admin/Ventas/index.tsx?t=1787493067224:89
[     638ms] [LOG] [] @ http://restaurant21.lobytech.test:3002/src/components/Modal/Admin/Ventas/index.tsx?t=1787493067224:91
[     638ms] [LOG] 0 @ http://restaurant21.lobytech.test:3002/src/components/Modal/Admin/Ventas/index.tsx?t=1787493067224:99
[     638ms] [LOG] [] @ http://restaurant21.lobytech.test:3002/src/components/Modal/Admin/Ventas/index.tsx?t=1787493067224:105
[     638ms] [LOG]  @ http://restaurant21.lobytech.test:3002/src/components/Modal/Admin/Ventas/index.tsx?t=1787493067224:106
[     639ms] [LOG] 844 @ http://restaurant21.lobytech.test:3002/src/components/Modal/Admin/Ventas/index.tsx?t=1787493067224:121
[     639ms] [LOG] 390 @ http://restaurant21.lobytech.test:3002/src/components/Modal/Admin/Ventas/index.tsx?t=1787493067224:122
[     639ms] [LOG] [] @ http://restaurant21.lobytech.test:3002/src/components/Modal/Admin/Ventas/index.tsx?t=1787493067224:133
[     639ms] [LOG] undefined @ http://restaurant21.lobytech.test:3002/src/components/Modal/Admin/Ventas/index.tsx?t=1787493067224:142
[     736ms] [LOG] 0 @ http://restaurant21.lobytech.test:3002/src/presentation/views/Modules/Admin/Views/VentasRealizadas/index.tsx?t=1787529772918:174
[     742ms] [LOG] activeVentas null @ http://restaurant21.lobytech.test:3002/src/components/Modal/Admin/Ventas/index.tsx?t=1787493067224:39
[     742ms] [LOG] undefined @ http://restaurant21.lobytech.test:3002/src/components/Modal/Admin/Ventas/index.tsx?t=1787493067224:40
[     743ms] [LOG] [] @ http://restaurant21.lobytech.test:3002/src/components/Modal/Admin/Ventas/index.tsx?t=1787493067224:47
[     743ms] [LOG] 23/08/2026 @ http://restaurant21.lobytech.test:3002/src/components/Modal/Admin/Ventas/index.tsx?t=1787493067224:53
[     744ms] [LOG] Sun Aug 23 2026 00:00:00 GMT-0500 (hora estándar de Perú) @ http://restaurant21.lobytech.test:3002/src/components/Modal/Admin/Ventas/index.tsx?t=1787493067224:63
[     744ms] [LOG] 1 @ http://restaurant21.lobytech.test:3002/src/components/Modal/Admin/Ventas/index.tsx?t=1787493067224:79
[     744ms] [LOG] {habitacionId: 0, habitacion: , anfitrionaId: 0, anfitriona: , turno: } @ http://restaurant21.lobytech.test:3002/src/components/Modal/Admin/Ventas/index.tsx?t=1787493067224:89
[     744ms] [LOG] [] @ http://restaurant21.lobytech.test:3002/src/components/Modal/Admin/Ventas/index.tsx?t=1787493067224:91
[     745ms] [LOG] 0 @ http://restaurant21.lobytech.test:3002/src/components/Modal/Admin/Ventas/index.tsx?t=1787493067224:99
[     745ms] [LOG] [] @ http://restaurant21.lobytech.test:3002/src/components/Modal/Admin/Ventas/index.tsx?t=1787493067224:105
[     745ms] [LOG]  @ http://restaurant21.lobytech.test:3002/src/components/Modal/Admin/Ventas/index.tsx?t=1787493067224:106
[     745ms] [LOG] 844 @ http://restaurant21.lobytech.test:3002/src/components/Modal/Admin/Ventas/index.tsx?t=1787493067224:121
[     746ms] [LOG] 390 @ http://restaurant21.lobytech.test:3002/src/components/Modal/Admin/Ventas/index.tsx?t=1787493067224:122
[     746ms] [LOG] [] @ http://restaurant21.lobytech.test:3002/src/components/Modal/Admin/Ventas/index.tsx?t=1787493067224:133
[     746ms] [LOG] undefined @ http://restaurant21.lobytech.test:3002/src/components/Modal/Admin/Ventas/index.tsx?t=1787493067224:142
[     806ms] [LOG] 0 @ http://restaurant21.lobytech.test:3002/src/presentation/views/Modules/Admin/Views/VentasRealizadas/index.tsx?t=1787529772918:174
[     817ms] [LOG] activeVentas null @ http://restaurant21.lobytech.test:3002/src/components/Modal/Admin/Ventas/index.tsx?t=1787493067224:39
[     818ms] [LOG] undefined @ http://restaurant21.lobytech.test:3002/src/components/Modal/Admin/Ventas/index.tsx?t=1787493067224:40
[     819ms] [LOG] [] @ http://restaurant21.lobytech.test:3002/src/components/Modal/Admin/Ventas/index.tsx?t=1787493067224:47
[     819ms] [LOG] 23/08/2026 @ http://restaurant21.lobytech.test:3002/src/components/Modal/Admin/Ventas/index.tsx?t=1787493067224:53
[     819ms] [LOG] Sun Aug 23 2026 00:00:00 GMT-0500 (hora estándar de Perú) @ http://restaurant21.lobytech.test:3002/src/components/Modal/Admin/Ventas/index.tsx?t=1787493067224:63
[     820ms] [LOG] 1 @ http://restaurant21.lobytech.test:3002/src/components/Modal/Admin/Ventas/index.tsx?t=1787493067224:79
[     820ms] [LOG] {habitacionId: 0, habitacion: , anfitrionaId: 0, anfitriona: , turno: } @ http://restaurant21.lobytech.test:3002/src/components/Modal/Admin/Ventas/index.tsx?t=1787493067224:89
[     820ms] [LOG] [] @ http://restaurant21.lobytech.test:3002/src/components/Modal/Admin/Ventas/index.tsx?t=1787493067224:91
[     821ms] [LOG] 0 @ http://restaurant21.lobytech.test:3002/src/components/Modal/Admin/Ventas/index.tsx?t=1787493067224:99
[     821ms] [LOG] [] @ http://restaurant21.lobytech.test:3002/src/components/Modal/Admin/Ventas/index.tsx?t=1787493067224:105
[     821ms] [LOG]  @ http://restaurant21.lobytech.test:3002/src/components/Modal/Admin/Ventas/index.tsx?t=1787493067224:106
[     821ms] [LOG] 844 @ http://restaurant21.lobytech.test:3002/src/components/Modal/Admin/Ventas/index.tsx?t=1787493067224:121
[     821ms] [LOG] 390 @ http://restaurant21.lobytech.test:3002/src/components/Modal/Admin/Ventas/index.tsx?t=1787493067224:122
[     822ms] [LOG] [] @ http://restaurant21.lobytech.test:3002/src/components/Modal/Admin/Ventas/index.tsx?t=1787493067224:133
[     822ms] [LOG] undefined @ http://restaurant21.lobytech.test:3002/src/components/Modal/Admin/Ventas/index.tsx?t=1787493067224:142
[    1070ms] [ERROR] Failed to load resource: the server responded with a status of 404 (Not Found) @ http://localhost:5002/api/facturacion/listar?Page=1&Amount=10000&StartDate=23/08/2026&EndDate=23/08/2026:0
[    1071ms] [LOG] AxiosError @ http://restaurant21.lobytech.test:3002/src/utils/axios.ts:19
[    1071ms] [LOG] error AxiosError @ http://restaurant21.lobytech.test:3002/src/redux/reducers/Admin/ventas/ventasRealizadas.reducer.ts:138
[    1072ms] [LOG] 0 @ http://restaurant21.lobytech.test:3002/src/presentation/views/Modules/Admin/Views/VentasRealizadas/index.tsx?t=1787529772918:174
[    1077ms] [LOG] activeVentas null @ http://restaurant21.lobytech.test:3002/src/components/Modal/Admin/Ventas/index.tsx?t=1787493067224:39
[    1079ms] [LOG] undefined @ http://restaurant21.lobytech.test:3002/src/components/Modal/Admin/Ventas/index.tsx?t=1787493067224:40
[    1080ms] [LOG] [] @ http://restaurant21.lobytech.test:3002/src/components/Modal/Admin/Ventas/index.tsx?t=1787493067224:47
[    1080ms] [LOG] 23/08/2026 @ http://restaurant21.lobytech.test:3002/src/components/Modal/Admin/Ventas/index.tsx?t=1787493067224:53
[    1080ms] [LOG] Sun Aug 23 2026 00:00:00 GMT-0500 (hora estándar de Perú) @ http://restaurant21.lobytech.test:3002/src/components/Modal/Admin/Ventas/index.tsx?t=1787493067224:63
[    1080ms] [LOG] 1 @ http://restaurant21.lobytech.test:3002/src/components/Modal/Admin/Ventas/index.tsx?t=1787493067224:79
[    1081ms] [LOG] {habitacionId: 0, habitacion: , anfitrionaId: 0, anfitriona: , turno: } @ http://restaurant21.lobytech.test:3002/src/components/Modal/Admin/Ventas/index.tsx?t=1787493067224:89
[    1081ms] [LOG] [] @ http://restaurant21.lobytech.test:3002/src/components/Modal/Admin/Ventas/index.tsx?t=1787493067224:91
[    1081ms] [LOG] 0 @ http://restaurant21.lobytech.test:3002/src/components/Modal/Admin/Ventas/index.tsx?t=1787493067224:99
[    1081ms] [LOG] [] @ http://restaurant21.lobytech.test:3002/src/components/Modal/Admin/Ventas/index.tsx?t=1787493067224:105
[    1081ms] [LOG]  @ http://restaurant21.lobytech.test:3002/src/components/Modal/Admin/Ventas/index.tsx?t=1787493067224:106
[    1081ms] [LOG] 844 @ http://restaurant21.lobytech.test:3002/src/components/Modal/Admin/Ventas/index.tsx?t=1787493067224:121
[    1081ms] [LOG] 390 @ http://restaurant21.lobytech.test:3002/src/components/Modal/Admin/Ventas/index.tsx?t=1787493067224:122
[    1081ms] [LOG] [] @ http://restaurant21.lobytech.test:3002/src/components/Modal/Admin/Ventas/index.tsx?t=1787493067224:133
[    1081ms] [LOG] undefined @ http://restaurant21.lobytech.test:3002/src/components/Modal/Admin/Ventas/index.tsx?t=1787493067224:142
[    1083ms] [LOG] 0 @ http://restaurant21.lobytech.test:3002/src/presentation/views/Modules/Admin/Views/VentasRealizadas/index.tsx?t=1787529772918:174
[    1091ms] [LOG] undefined @ http://restaurant21.lobytech.test:3002/src/presentation/views/Modules/Admin/Views/Usuarios/UserTable/UserTableBody/index.tsx:30
[    1092ms] [LOG] undefined @ http://restaurant21.lobytech.test:3002/src/presentation/views/Modules/Admin/Views/Usuarios/UserTable/UserTableBody/index.tsx:41
[    1092ms] [LOG] activeVentas null @ http://restaurant21.lobytech.test:3002/src/components/Modal/Admin/Ventas/index.tsx?t=1787493067224:39
[    1092ms] [LOG] undefined @ http://restaurant21.lobytech.test:3002/src/components/Modal/Admin/Ventas/index.tsx?t=1787493067224:40
[    1092ms] [LOG] [] @ http://restaurant21.lobytech.test:3002/src/components/Modal/Admin/Ventas/index.tsx?t=1787493067224:47
[    1093ms] [LOG] 23/08/2026 @ http://restaurant21.lobytech.test:3002/src/components/Modal/Admin/Ventas/index.tsx?t=1787493067224:53
[    1094ms] [LOG] Sun Aug 23 2026 00:00:00 GMT-0500 (hora estándar de Perú) @ http://restaurant21.lobytech.test:3002/src/components/Modal/Admin/Ventas/index.tsx?t=1787493067224:63
[    1095ms] [LOG] 1 @ http://restaurant21.lobytech.test:3002/src/components/Modal/Admin/Ventas/index.tsx?t=1787493067224:79
[    1095ms] [LOG] {habitacionId: 0, habitacion: , anfitrionaId: 0, anfitriona: , turno: } @ http://restaurant21.lobytech.test:3002/src/components/Modal/Admin/Ventas/index.tsx?t=1787493067224:89
[    1096ms] [LOG] [] @ http://restaurant21.lobytech.test:3002/src/components/Modal/Admin/Ventas/index.tsx?t=1787493067224:91
[    1096ms] [LOG] 0 @ http://restaurant21.lobytech.test:3002/src/components/Modal/Admin/Ventas/index.tsx?t=1787493067224:99
[    1096ms] [LOG] [] @ http://restaurant21.lobytech.test:3002/src/components/Modal/Admin/Ventas/index.tsx?t=1787493067224:105
[    1097ms] [LOG]  @ http://restaurant21.lobytech.test:3002/src/components/Modal/Admin/Ventas/index.tsx?t=1787493067224:106
[    1097ms] [LOG] 844 @ http://restaurant21.lobytech.test:3002/src/components/Modal/Admin/Ventas/index.tsx?t=1787493067224:121
[    1097ms] [LOG] 390 @ http://restaurant21.lobytech.test:3002/src/components/Modal/Admin/Ventas/index.tsx?t=1787493067224:122
[    1097ms] [LOG] [] @ http://restaurant21.lobytech.test:3002/src/components/Modal/Admin/Ventas/index.tsx?t=1787493067224:133
[    1097ms] [LOG] undefined @ http://restaurant21.lobytech.test:3002/src/components/Modal/Admin/Ventas/index.tsx?t=1787493067224:142
