[     734ms] [INFO] %cDownload the React DevTools for a better development experience: https://reactjs.org/link/react-devtools font-weight:bold @ http://restaurant21.lobytech.test:3002/node_modules/.vite/deps/chunk-GYWC62UC.js?v=23710b64:21535
[     897ms] [LOG]  @ http://restaurant21.lobytech.test:3002/src/presentation/views/Modules/Admin/Views/Productos/index.tsx?t=1787529652442:59
[     898ms] [LOG] 0 @ http://restaurant21.lobytech.test:3002/src/presentation/views/Modules/Admin/Views/Productos/index.tsx?t=1787529652442:95
[     898ms] [LOG] 1 @ http://restaurant21.lobytech.test:3002/src/presentation/views/Modules/Admin/Views/Productos/index.tsx?t=1787529652442:190
[     898ms] [LOG] undefined @ http://restaurant21.lobytech.test:3002/src/presentation/views/Modules/Admin/Views/Productos/index.tsx?t=1787529652442:195
[     947ms] [LOG] [] @ http://restaurant21.lobytech.test:3002/src/components/Modal/Admin/Producto/index.tsx?t=1787493067224:63
[     948ms] [LOG] 0 @ http://restaurant21.lobytech.test:3002/src/components/Modal/Admin/Producto/index.tsx?t=1787493067224:84
[     948ms] [LOG] [] @ http://restaurant21.lobytech.test:3002/src/components/Modal/Admin/Producto/index.tsx?t=1787493067224:111
[     949ms] [LOG] [] @ http://restaurant21.lobytech.test:3002/src/components/Modal/Admin/Producto/index.tsx?t=1787493067224:121
[     964ms] [LOG] here @ http://restaurant21.lobytech.test:3002/src/presentation/views/Modules/Admin/Views/Productos/index.tsx?t=1787529652442:92
[    1477ms] [LOG]  @ http://restaurant21.lobytech.test:3002/src/presentation/views/Modules/Admin/Views/Productos/index.tsx?t=1787529652442:59
[    1477ms] [LOG] 0 @ http://restaurant21.lobytech.test:3002/src/presentation/views/Modules/Admin/Views/Productos/index.tsx?t=1787529652442:95
[    1478ms] [LOG] 1 @ http://restaurant21.lobytech.test:3002/src/presentation/views/Modules/Admin/Views/Productos/index.tsx?t=1787529652442:190
[    1478ms] [LOG] undefined @ http://restaurant21.lobytech.test:3002/src/presentation/views/Modules/Admin/Views/Productos/index.tsx?t=1787529652442:195
[    1480ms] [LOG] [] @ http://restaurant21.lobytech.test:3002/src/components/Modal/Admin/Producto/index.tsx?t=1787493067224:63
[    1481ms] [LOG] 0 @ http://restaurant21.lobytech.test:3002/src/components/Modal/Admin/Producto/index.tsx?t=1787493067224:84
[    1481ms] [LOG] [] @ http://restaurant21.lobytech.test:3002/src/components/Modal/Admin/Producto/index.tsx?t=1787493067224:111
[    1482ms] [LOG] [] @ http://restaurant21.lobytech.test:3002/src/components/Modal/Admin/Producto/index.tsx?t=1787493067224:121
[    1489ms] [LOG]  @ http://restaurant21.lobytech.test:3002/src/presentation/views/Modules/Admin/Views/Productos/index.tsx?t=1787529652442:59
[    1489ms] [LOG] 0 @ http://restaurant21.lobytech.test:3002/src/presentation/views/Modules/Admin/Views/Productos/index.tsx?t=1787529652442:95
[    1489ms] [LOG] 1 @ http://restaurant21.lobytech.test:3002/src/presentation/views/Modules/Admin/Views/Productos/index.tsx?t=1787529652442:190
[    1490ms] [LOG] undefined @ http://restaurant21.lobytech.test:3002/src/presentation/views/Modules/Admin/Views/Productos/index.tsx?t=1787529652442:195
[    1493ms] [LOG] [] @ http://restaurant21.lobytech.test:3002/src/components/Modal/Admin/Producto/index.tsx?t=1787493067224:63
[    1494ms] [LOG] 0 @ http://restaurant21.lobytech.test:3002/src/components/Modal/Admin/Producto/index.tsx?t=1787493067224:84
[    1496ms] [LOG] [] @ http://restaurant21.lobytech.test:3002/src/components/Modal/Admin/Producto/index.tsx?t=1787493067224:111
[    1496ms] [LOG] [] @ http://restaurant21.lobytech.test:3002/src/components/Modal/Admin/Producto/index.tsx?t=1787493067224:121
[    1503ms] [LOG] {code: 1, message: Succeeded, data: Array(6), status: 200} @ http://restaurant21.lobytech.test:3002/src/redux/reducers/Admin/productos/producto.reducer.ts:559
[    1505ms] [LOG]  @ http://restaurant21.lobytech.test:3002/src/presentation/views/Modules/Admin/Views/Productos/index.tsx?t=1787529652442:59
[    1505ms] [LOG] 0 @ http://restaurant21.lobytech.test:3002/src/presentation/views/Modules/Admin/Views/Productos/index.tsx?t=1787529652442:95
[    1506ms] [LOG] 1 @ http://restaurant21.lobytech.test:3002/src/presentation/views/Modules/Admin/Views/Productos/index.tsx?t=1787529652442:190
[    1506ms] [LOG] undefined @ http://restaurant21.lobytech.test:3002/src/presentation/views/Modules/Admin/Views/Productos/index.tsx?t=1787529652442:195
[    1510ms] [LOG] [Object, Object, Object, Object, Object, Object] @ http://restaurant21.lobytech.test:3002/src/components/Modal/Admin/Producto/index.tsx?t=1787493067224:63
[    1511ms] [LOG] 0 @ http://restaurant21.lobytech.test:3002/src/components/Modal/Admin/Producto/index.tsx?t=1787493067224:84
[    1511ms] [LOG] [] @ http://restaurant21.lobytech.test:3002/src/components/Modal/Admin/Producto/index.tsx?t=1787493067224:111
[    1511ms] [LOG] [] @ http://restaurant21.lobytech.test:3002/src/components/Modal/Admin/Producto/index.tsx?t=1787493067224:121
[    1514ms] [LOG] here @ http://restaurant21.lobytech.test:3002/src/presentation/views/Modules/Admin/Views/Productos/index.tsx?t=1787529652442:92
[    1556ms] [LOG]  @ http://restaurant21.lobytech.test:3002/src/presentation/views/Modules/Admin/Views/Productos/index.tsx?t=1787529652442:59
[    1557ms] [LOG] 0 @ http://restaurant21.lobytech.test:3002/src/presentation/views/Modules/Admin/Views/Productos/index.tsx?t=1787529652442:95
[    1558ms] [LOG] 1 @ http://restaurant21.lobytech.test:3002/src/presentation/views/Modules/Admin/Views/Productos/index.tsx?t=1787529652442:190
[    1558ms] [LOG] undefined @ http://restaurant21.lobytech.test:3002/src/presentation/views/Modules/Admin/Views/Productos/index.tsx?t=1787529652442:195
[    1562ms] [LOG] [Object, Object, Object, Object, Object, Object] @ http://restaurant21.lobytech.test:3002/src/components/Modal/Admin/Producto/index.tsx?t=1787493067224:63
[    1563ms] [LOG] 0 @ http://restaurant21.lobytech.test:3002/src/components/Modal/Admin/Producto/index.tsx?t=1787493067224:84
[    1563ms] [LOG] [] @ http://restaurant21.lobytech.test:3002/src/components/Modal/Admin/Producto/index.tsx?t=1787493067224:111
[    1563ms] [LOG] [] @ http://restaurant21.lobytech.test:3002/src/components/Modal/Admin/Producto/index.tsx?t=1787493067224:121
[    1609ms] [LOG]  @ http://restaurant21.lobytech.test:3002/src/presentation/views/Modules/Admin/Views/Productos/index.tsx?t=1787529652442:59
[    1609ms] [LOG] 0 @ http://restaurant21.lobytech.test:3002/src/presentation/views/Modules/Admin/Views/Productos/index.tsx?t=1787529652442:95
[    1610ms] [LOG] 1 @ http://restaurant21.lobytech.test:3002/src/presentation/views/Modules/Admin/Views/Productos/index.tsx?t=1787529652442:190
[    1610ms] [LOG] undefined @ http://restaurant21.lobytech.test:3002/src/presentation/views/Modules/Admin/Views/Productos/index.tsx?t=1787529652442:195
[    1708ms] [LOG]  @ http://restaurant21.lobytech.test:3002/src/presentation/views/Modules/Admin/Views/Productos/index.tsx?t=1787529652442:59
[    1708ms] [LOG] 0 @ http://restaurant21.lobytech.test:3002/src/presentation/views/Modules/Admin/Views/Productos/index.tsx?t=1787529652442:95
[    1708ms] [LOG] 1 @ http://restaurant21.lobytech.test:3002/src/presentation/views/Modules/Admin/Views/Productos/index.tsx?t=1787529652442:190
[    1708ms] [LOG] undefined @ http://restaurant21.lobytech.test:3002/src/presentation/views/Modules/Admin/Views/Productos/index.tsx?t=1787529652442:195
[    1712ms] [LOG] [Object, Object, Object, Object, Object, Object] @ http://restaurant21.lobytech.test:3002/src/components/Modal/Admin/Producto/index.tsx?t=1787493067224:63
[    1713ms] [LOG] 0 @ http://restaurant21.lobytech.test:3002/src/components/Modal/Admin/Producto/index.tsx?t=1787493067224:84
[    1713ms] [LOG] [] @ http://restaurant21.lobytech.test:3002/src/components/Modal/Admin/Producto/index.tsx?t=1787493067224:111
[    1713ms] [LOG] [] @ http://restaurant21.lobytech.test:3002/src/components/Modal/Admin/Producto/index.tsx?t=1787493067224:121
[    1716ms] [LOG] here @ http://restaurant21.lobytech.test:3002/src/presentation/views/Modules/Admin/Views/Productos/index.tsx?t=1787529652442:92
[    1717ms] [LOG]  @ http://restaurant21.lobytech.test:3002/src/presentation/views/Modules/Admin/Views/Productos/index.tsx?t=1787529652442:59
[    1717ms] [LOG] 0 @ http://restaurant21.lobytech.test:3002/src/presentation/views/Modules/Admin/Views/Productos/index.tsx?t=1787529652442:95
[    1718ms] [LOG] 1 @ http://restaurant21.lobytech.test:3002/src/presentation/views/Modules/Admin/Views/Productos/index.tsx?t=1787529652442:190
[    1719ms] [LOG] undefined @ http://restaurant21.lobytech.test:3002/src/presentation/views/Modules/Admin/Views/Productos/index.tsx?t=1787529652442:195
[    1724ms] [LOG] [Object, Object, Object, Object, Object, Object] @ http://restaurant21.lobytech.test:3002/src/components/Modal/Admin/Producto/index.tsx?t=1787493067224:63
[    1725ms] [LOG] 0 @ http://restaurant21.lobytech.test:3002/src/components/Modal/Admin/Producto/index.tsx?t=1787493067224:84
[    1725ms] [LOG] [] @ http://restaurant21.lobytech.test:3002/src/components/Modal/Admin/Producto/index.tsx?t=1787493067224:111
[    1726ms] [LOG] [] @ http://restaurant21.lobytech.test:3002/src/components/Modal/Admin/Producto/index.tsx?t=1787493067224:121
[    1729ms] [LOG]  @ http://restaurant21.lobytech.test:3002/src/presentation/views/Modules/Admin/Views/Productos/index.tsx?t=1787529652442:59
[    1729ms] [LOG] 0 @ http://restaurant21.lobytech.test:3002/src/presentation/views/Modules/Admin/Views/Productos/index.tsx?t=1787529652442:95
[    1729ms] [LOG] 1 @ http://restaurant21.lobytech.test:3002/src/presentation/views/Modules/Admin/Views/Productos/index.tsx?t=1787529652442:190
[    1729ms] [LOG] undefined @ http://restaurant21.lobytech.test:3002/src/presentation/views/Modules/Admin/Views/Productos/index.tsx?t=1787529652442:195
[    2323ms] [LOG]  @ http://restaurant21.lobytech.test:3002/src/presentation/views/Modules/Admin/Views/Productos/index.tsx?t=1787529652442:59
[    2323ms] [LOG] 0 @ http://restaurant21.lobytech.test:3002/src/presentation/views/Modules/Admin/Views/Productos/index.tsx?t=1787529652442:95
[    2324ms] [LOG] 1 @ http://restaurant21.lobytech.test:3002/src/presentation/views/Modules/Admin/Views/Productos/index.tsx?t=1787529652442:190
[    2324ms] [LOG] undefined @ http://restaurant21.lobytech.test:3002/src/presentation/views/Modules/Admin/Views/Productos/index.tsx?t=1787529652442:195
[    2329ms] [LOG] [Object, Object, Object, Object, Object, Object] @ http://restaurant21.lobytech.test:3002/src/components/Modal/Admin/Producto/index.tsx?t=1787493067224:63
[    2330ms] [LOG] 0 @ http://restaurant21.lobytech.test:3002/src/components/Modal/Admin/Producto/index.tsx?t=1787493067224:84
[    2330ms] [LOG] [Object, Object, Object, Object, Object, Object, Object] @ http://restaurant21.lobytech.test:3002/src/components/Modal/Admin/Producto/index.tsx?t=1787493067224:111
[    2331ms] [LOG] [] @ http://restaurant21.lobytech.test:3002/src/components/Modal/Admin/Producto/index.tsx?t=1787493067224:121
[    2338ms] [LOG]  @ http://restaurant21.lobytech.test:3002/src/presentation/views/Modules/Admin/Views/Productos/index.tsx?t=1787529652442:59
[    2338ms] [LOG] 0 @ http://restaurant21.lobytech.test:3002/src/presentation/views/Modules/Admin/Views/Productos/index.tsx?t=1787529652442:95
[    2338ms] [LOG] 1 @ http://restaurant21.lobytech.test:3002/src/presentation/views/Modules/Admin/Views/Productos/index.tsx?t=1787529652442:190
[    2339ms] [LOG] undefined @ http://restaurant21.lobytech.test:3002/src/presentation/views/Modules/Admin/Views/Productos/index.tsx?t=1787529652442:195
[    2413ms] [LOG] {code: 1, message: Succeeded, data: Array(6), status: 200} @ http://restaurant21.lobytech.test:3002/src/redux/reducers/Admin/productos/producto.reducer.ts:578
[    2414ms] [LOG]  @ http://restaurant21.lobytech.test:3002/src/presentation/views/Modules/Admin/Views/Productos/index.tsx?t=1787529652442:59
[    2415ms] [LOG] 0 @ http://restaurant21.lobytech.test:3002/src/presentation/views/Modules/Admin/Views/Productos/index.tsx?t=1787529652442:95
[    2415ms] [LOG] 1 @ http://restaurant21.lobytech.test:3002/src/presentation/views/Modules/Admin/Views/Productos/index.tsx?t=1787529652442:190
[    2416ms] [LOG] undefined @ http://restaurant21.lobytech.test:3002/src/presentation/views/Modules/Admin/Views/Productos/index.tsx?t=1787529652442:195
[    2421ms] [LOG] [Object, Object, Object, Object, Object, Object] @ http://restaurant21.lobytech.test:3002/src/components/Modal/Admin/Producto/index.tsx?t=1787493067224:63
[    2422ms] [LOG] 0 @ http://restaurant21.lobytech.test:3002/src/components/Modal/Admin/Producto/index.tsx?t=1787493067224:84
[    2422ms] [LOG] [Object, Object, Object, Object, Object, Object, Object] @ http://restaurant21.lobytech.test:3002/src/components/Modal/Admin/Producto/index.tsx?t=1787493067224:111
[    2422ms] [LOG] [] @ http://restaurant21.lobytech.test:3002/src/components/Modal/Admin/Producto/index.tsx?t=1787493067224:121
