[     331ms] [INFO] %cDownload the React DevTools for a better development experience: https://reactjs.org/link/react-devtools font-weight:bold @ http://restaurant21.lobytech.test:3002/node_modules/.vite/deps/chunk-GYWC62UC.js?v=23710b64:21535
[     388ms] [LOG]  @ http://restaurant21.lobytech.test:3002/src/presentation/views/Modules/Admin/Views/Productos/index.tsx?t=1787493088342:59
[     389ms] [LOG] 0 @ http://restaurant21.lobytech.test:3002/src/presentation/views/Modules/Admin/Views/Productos/index.tsx?t=1787493088342:95
[     389ms] [LOG] 1 @ http://restaurant21.lobytech.test:3002/src/presentation/views/Modules/Admin/Views/Productos/index.tsx?t=1787493088342:190
[     389ms] [LOG] undefined @ http://restaurant21.lobytech.test:3002/src/presentation/views/Modules/Admin/Views/Productos/index.tsx?t=1787493088342:195
[     395ms] [LOG] [] @ http://restaurant21.lobytech.test:3002/src/components/Modal/Admin/Producto/index.tsx?t=1787493067224:63
[     396ms] [LOG] 0 @ http://restaurant21.lobytech.test:3002/src/components/Modal/Admin/Producto/index.tsx?t=1787493067224:84
[     396ms] [LOG] [] @ http://restaurant21.lobytech.test:3002/src/components/Modal/Admin/Producto/index.tsx?t=1787493067224:111
[     396ms] [LOG] [] @ http://restaurant21.lobytech.test:3002/src/components/Modal/Admin/Producto/index.tsx?t=1787493067224:121
[     400ms] [LOG] here @ http://restaurant21.lobytech.test:3002/src/presentation/views/Modules/Admin/Views/Productos/index.tsx?t=1787493088342:92
[     434ms] [LOG]  @ http://restaurant21.lobytech.test:3002/src/presentation/views/Modules/Admin/Views/Productos/index.tsx?t=1787493088342:59
[     434ms] [LOG] 0 @ http://restaurant21.lobytech.test:3002/src/presentation/views/Modules/Admin/Views/Productos/index.tsx?t=1787493088342:95
[     434ms] [LOG] 1 @ http://restaurant21.lobytech.test:3002/src/presentation/views/Modules/Admin/Views/Productos/index.tsx?t=1787493088342:190
[     434ms] [LOG] undefined @ http://restaurant21.lobytech.test:3002/src/presentation/views/Modules/Admin/Views/Productos/index.tsx?t=1787493088342:195
[     440ms] [LOG] [] @ http://restaurant21.lobytech.test:3002/src/components/Modal/Admin/Producto/index.tsx?t=1787493067224:63
[     440ms] [LOG] 0 @ http://restaurant21.lobytech.test:3002/src/components/Modal/Admin/Producto/index.tsx?t=1787493067224:84
[     440ms] [LOG] [] @ http://restaurant21.lobytech.test:3002/src/components/Modal/Admin/Producto/index.tsx?t=1787493067224:111
[     441ms] [LOG] [] @ http://restaurant21.lobytech.test:3002/src/components/Modal/Admin/Producto/index.tsx?t=1787493067224:121
[     453ms] [LOG]  @ http://restaurant21.lobytech.test:3002/src/presentation/views/Modules/Admin/Views/Productos/index.tsx?t=1787493088342:59
[     454ms] [LOG] 0 @ http://restaurant21.lobytech.test:3002/src/presentation/views/Modules/Admin/Views/Productos/index.tsx?t=1787493088342:95
[     454ms] [LOG] 1 @ http://restaurant21.lobytech.test:3002/src/presentation/views/Modules/Admin/Views/Productos/index.tsx?t=1787493088342:190
[     454ms] [LOG] undefined @ http://restaurant21.lobytech.test:3002/src/presentation/views/Modules/Admin/Views/Productos/index.tsx?t=1787493088342:195
[     456ms] [LOG] [] @ http://restaurant21.lobytech.test:3002/src/components/Modal/Admin/Producto/index.tsx?t=1787493067224:63
[     456ms] [LOG] 0 @ http://restaurant21.lobytech.test:3002/src/components/Modal/Admin/Producto/index.tsx?t=1787493067224:84
[     456ms] [LOG] [] @ http://restaurant21.lobytech.test:3002/src/components/Modal/Admin/Producto/index.tsx?t=1787493067224:111
[     457ms] [LOG] [] @ http://restaurant21.lobytech.test:3002/src/components/Modal/Admin/Producto/index.tsx?t=1787493067224:121
[     469ms] [ERROR] Warning: Encountered two children with the same key, `%s`. Keys should be unique so that components maintain their identity across updates. Non-unique keys may cause children to be duplicated and/or omitted — the behavior is unsupported and could change in a future version.%s 5 
    at ul
    at div
    at aside
    at div
    at LayoutView (http://restaurant21.lobytech.test:3002/src/components/Sidebar/index.tsx?t=1787525685299:31:20)
    at RenderedRoute (http://restaurant21.lobytech.test:3002/node_modules/.vite/deps/react-router-dom.js?v=23710b64:3310:5)
    at Routes (http://restaurant21.lobytech.test:3002/node_modules/.vite/deps/react-router-dom.js?v=23710b64:3763:5)
    at div
    at Router (http://restaurant21.lobytech.test:3002/node_modules/.vite/deps/react-router-dom.js?v=23710b64:3710:15)
    at BrowserRouter (http://restaurant21.lobytech.test:3002/node_modules/.vite/deps/react-router-dom.js?v=23710b64:4190:5)
    at Dashboard
    at QueryClientProvider2 (http://restaurant21.lobytech.test:3002/node_modules/.vite/deps/react-query.js?v=23710b64:2647:21)
    at Provider (http://restaurant21.lobytech.test:3002/node_modules/.vite/deps/react-redux.js?v=23710b64:1481:3)
    at App (http://restaurant21.lobytech.test:3002/src/App.tsx?t=1787493088342:31:7)
    at Provider (http://restaurant21.lobytech.test:3002/node_modules/.vite/deps/react-redux.js?v=23710b64:1481:3) @ http://restaurant21.lobytech.test:3002/node_modules/.vite/deps/chunk-GYWC62UC.js?v=23710b64:520
[     472ms] [LOG]  @ http://restaurant21.lobytech.test:3002/src/presentation/views/Modules/Admin/Views/Productos/index.tsx?t=1787493088342:59
[     472ms] [LOG] 0 @ http://restaurant21.lobytech.test:3002/src/presentation/views/Modules/Admin/Views/Productos/index.tsx?t=1787493088342:95
[     472ms] [LOG] 1 @ http://restaurant21.lobytech.test:3002/src/presentation/views/Modules/Admin/Views/Productos/index.tsx?t=1787493088342:190
[     472ms] [LOG] undefined @ http://restaurant21.lobytech.test:3002/src/presentation/views/Modules/Admin/Views/Productos/index.tsx?t=1787493088342:195
[     622ms] [LOG]  @ http://restaurant21.lobytech.test:3002/src/presentation/views/Modules/Admin/Views/Productos/index.tsx?t=1787493088342:59
[     623ms] [LOG] 0 @ http://restaurant21.lobytech.test:3002/src/presentation/views/Modules/Admin/Views/Productos/index.tsx?t=1787493088342:95
[     623ms] [LOG] 1 @ http://restaurant21.lobytech.test:3002/src/presentation/views/Modules/Admin/Views/Productos/index.tsx?t=1787493088342:190
[     623ms] [LOG] undefined @ http://restaurant21.lobytech.test:3002/src/presentation/views/Modules/Admin/Views/Productos/index.tsx?t=1787493088342:195
[     626ms] [LOG] [] @ http://restaurant21.lobytech.test:3002/src/components/Modal/Admin/Producto/index.tsx?t=1787493067224:63
[     627ms] [LOG] 0 @ http://restaurant21.lobytech.test:3002/src/components/Modal/Admin/Producto/index.tsx?t=1787493067224:84
[     627ms] [LOG] [Object, Object, Object, Object, Object, Object, Object] @ http://restaurant21.lobytech.test:3002/src/components/Modal/Admin/Producto/index.tsx?t=1787493067224:111
[     627ms] [LOG] [] @ http://restaurant21.lobytech.test:3002/src/components/Modal/Admin/Producto/index.tsx?t=1787493067224:121
[     632ms] [LOG] {code: 1, message: Succeeded, data: Array(6), status: 200} @ http://restaurant21.lobytech.test:3002/src/redux/reducers/Admin/productos/producto.reducer.ts:578
[     633ms] [LOG]  @ http://restaurant21.lobytech.test:3002/src/presentation/views/Modules/Admin/Views/Productos/index.tsx?t=1787493088342:59
[     633ms] [LOG] 0 @ http://restaurant21.lobytech.test:3002/src/presentation/views/Modules/Admin/Views/Productos/index.tsx?t=1787493088342:95
[     633ms] [LOG] 1 @ http://restaurant21.lobytech.test:3002/src/presentation/views/Modules/Admin/Views/Productos/index.tsx?t=1787493088342:190
[     634ms] [LOG] undefined @ http://restaurant21.lobytech.test:3002/src/presentation/views/Modules/Admin/Views/Productos/index.tsx?t=1787493088342:195
[     636ms] [LOG] [] @ http://restaurant21.lobytech.test:3002/src/components/Modal/Admin/Producto/index.tsx?t=1787493067224:63
[     636ms] [LOG] 0 @ http://restaurant21.lobytech.test:3002/src/components/Modal/Admin/Producto/index.tsx?t=1787493067224:84
[     636ms] [LOG] [Object, Object, Object, Object, Object, Object, Object] @ http://restaurant21.lobytech.test:3002/src/components/Modal/Admin/Producto/index.tsx?t=1787493067224:111
[     636ms] [LOG] [] @ http://restaurant21.lobytech.test:3002/src/components/Modal/Admin/Producto/index.tsx?t=1787493067224:121
[     639ms] [LOG] {code: 1, message: Succeeded, data: Array(6), status: 200} @ http://restaurant21.lobytech.test:3002/src/redux/reducers/Admin/productos/producto.reducer.ts:559
[     639ms] [LOG]  @ http://restaurant21.lobytech.test:3002/src/presentation/views/Modules/Admin/Views/Productos/index.tsx?t=1787493088342:59
[     640ms] [LOG] 0 @ http://restaurant21.lobytech.test:3002/src/presentation/views/Modules/Admin/Views/Productos/index.tsx?t=1787493088342:95
[     640ms] [LOG] 1 @ http://restaurant21.lobytech.test:3002/src/presentation/views/Modules/Admin/Views/Productos/index.tsx?t=1787493088342:190
[     640ms] [LOG] undefined @ http://restaurant21.lobytech.test:3002/src/presentation/views/Modules/Admin/Views/Productos/index.tsx?t=1787493088342:195
[     644ms] [LOG] [Object, Object, Object, Object, Object, Object] @ http://restaurant21.lobytech.test:3002/src/components/Modal/Admin/Producto/index.tsx?t=1787493067224:63
[     644ms] [LOG] 0 @ http://restaurant21.lobytech.test:3002/src/components/Modal/Admin/Producto/index.tsx?t=1787493067224:84
[     644ms] [LOG] [Object, Object, Object, Object, Object, Object, Object] @ http://restaurant21.lobytech.test:3002/src/components/Modal/Admin/Producto/index.tsx?t=1787493067224:111
[     644ms] [LOG] [] @ http://restaurant21.lobytech.test:3002/src/components/Modal/Admin/Producto/index.tsx?t=1787493067224:121
[     646ms] [LOG] here @ http://restaurant21.lobytech.test:3002/src/presentation/views/Modules/Admin/Views/Productos/index.tsx?t=1787493088342:92
[     652ms] [LOG]  @ http://restaurant21.lobytech.test:3002/src/presentation/views/Modules/Admin/Views/Productos/index.tsx?t=1787493088342:59
[     652ms] [LOG] 0 @ http://restaurant21.lobytech.test:3002/src/presentation/views/Modules/Admin/Views/Productos/index.tsx?t=1787493088342:95
[     652ms] [LOG] 1 @ http://restaurant21.lobytech.test:3002/src/presentation/views/Modules/Admin/Views/Productos/index.tsx?t=1787493088342:190
[     652ms] [LOG] undefined @ http://restaurant21.lobytech.test:3002/src/presentation/views/Modules/Admin/Views/Productos/index.tsx?t=1787493088342:195
[     654ms] [LOG] [Object, Object, Object, Object, Object, Object] @ http://restaurant21.lobytech.test:3002/src/components/Modal/Admin/Producto/index.tsx?t=1787493067224:63
[     654ms] [LOG] 0 @ http://restaurant21.lobytech.test:3002/src/components/Modal/Admin/Producto/index.tsx?t=1787493067224:84
[     654ms] [LOG] [Object, Object, Object, Object, Object, Object, Object] @ http://restaurant21.lobytech.test:3002/src/components/Modal/Admin/Producto/index.tsx?t=1787493067224:111
[     655ms] [LOG] [] @ http://restaurant21.lobytech.test:3002/src/components/Modal/Admin/Producto/index.tsx?t=1787493067224:121
[     657ms] [LOG]  @ http://restaurant21.lobytech.test:3002/src/presentation/views/Modules/Admin/Views/Productos/index.tsx?t=1787493088342:59
[     657ms] [LOG] 0 @ http://restaurant21.lobytech.test:3002/src/presentation/views/Modules/Admin/Views/Productos/index.tsx?t=1787493088342:95
[     658ms] [LOG] 1 @ http://restaurant21.lobytech.test:3002/src/presentation/views/Modules/Admin/Views/Productos/index.tsx?t=1787493088342:190
[     658ms] [LOG] undefined @ http://restaurant21.lobytech.test:3002/src/presentation/views/Modules/Admin/Views/Productos/index.tsx?t=1787493088342:195
[     819ms] [LOG]  @ http://restaurant21.lobytech.test:3002/src/presentation/views/Modules/Admin/Views/Productos/index.tsx?t=1787493088342:59
[     819ms] [LOG] 0 @ http://restaurant21.lobytech.test:3002/src/presentation/views/Modules/Admin/Views/Productos/index.tsx?t=1787493088342:95
[     819ms] [LOG] 1 @ http://restaurant21.lobytech.test:3002/src/presentation/views/Modules/Admin/Views/Productos/index.tsx?t=1787493088342:190
[     820ms] [LOG] undefined @ http://restaurant21.lobytech.test:3002/src/presentation/views/Modules/Admin/Views/Productos/index.tsx?t=1787493088342:195
[     822ms] [LOG] [Object, Object, Object, Object, Object, Object] @ http://restaurant21.lobytech.test:3002/src/components/Modal/Admin/Producto/index.tsx?t=1787493067224:63
[     823ms] [LOG] 0 @ http://restaurant21.lobytech.test:3002/src/components/Modal/Admin/Producto/index.tsx?t=1787493067224:84
[     823ms] [LOG] [Object, Object, Object, Object, Object, Object, Object] @ http://restaurant21.lobytech.test:3002/src/components/Modal/Admin/Producto/index.tsx?t=1787493067224:111
[     823ms] [LOG] [] @ http://restaurant21.lobytech.test:3002/src/components/Modal/Admin/Producto/index.tsx?t=1787493067224:121
[     826ms] [LOG] here @ http://restaurant21.lobytech.test:3002/src/presentation/views/Modules/Admin/Views/Productos/index.tsx?t=1787493088342:92
[     826ms] [LOG]  @ http://restaurant21.lobytech.test:3002/src/presentation/views/Modules/Admin/Views/Productos/index.tsx?t=1787493088342:59
[     827ms] [LOG] 0 @ http://restaurant21.lobytech.test:3002/src/presentation/views/Modules/Admin/Views/Productos/index.tsx?t=1787493088342:95
[     827ms] [LOG] 1 @ http://restaurant21.lobytech.test:3002/src/presentation/views/Modules/Admin/Views/Productos/index.tsx?t=1787493088342:190
[     827ms] [LOG] undefined @ http://restaurant21.lobytech.test:3002/src/presentation/views/Modules/Admin/Views/Productos/index.tsx?t=1787493088342:195
[     830ms] [LOG] [Object, Object, Object, Object, Object, Object] @ http://restaurant21.lobytech.test:3002/src/components/Modal/Admin/Producto/index.tsx?t=1787493067224:63
[     830ms] [LOG] 0 @ http://restaurant21.lobytech.test:3002/src/components/Modal/Admin/Producto/index.tsx?t=1787493067224:84
[     830ms] [LOG] [Object, Object, Object, Object, Object, Object, Object] @ http://restaurant21.lobytech.test:3002/src/components/Modal/Admin/Producto/index.tsx?t=1787493067224:111
[     831ms] [LOG] [] @ http://restaurant21.lobytech.test:3002/src/components/Modal/Admin/Producto/index.tsx?t=1787493067224:121
[     837ms] [LOG]  @ http://restaurant21.lobytech.test:3002/src/presentation/views/Modules/Admin/Views/Productos/index.tsx?t=1787493088342:59
[     838ms] [LOG] 0 @ http://restaurant21.lobytech.test:3002/src/presentation/views/Modules/Admin/Views/Productos/index.tsx?t=1787493088342:95
[     838ms] [LOG] 1 @ http://restaurant21.lobytech.test:3002/src/presentation/views/Modules/Admin/Views/Productos/index.tsx?t=1787493088342:190
[     838ms] [LOG] undefined @ http://restaurant21.lobytech.test:3002/src/presentation/views/Modules/Admin/Views/Productos/index.tsx?t=1787493088342:195
