[     247ms] [INFO] %cDownload the React DevTools for a better development experience: https://reactjs.org/link/react-devtools font-weight:bold @ http://restaurant21.lobytech.test:3002/node_modules/.vite/deps/chunk-GYWC62UC.js?v=23710b64:21535
[     292ms] [LOG] [Object, Object, Object, Object, Object, Object, Object, Object, Object] @ http://restaurant21.lobytech.test:3002/src/presentation/views/Modules/Admin/Views/DocumentosFacturados/index.tsx?t=1787530244232:156
[     295ms] [ERROR] Warning: Each child in a list should have a unique "key" prop.%s%s See https://reactjs.org/link/warning-keys for more information.%s 

Check the render method of `Indicadores`.  
    at Indicador (http://restaurant21.lobytech.test:3002/src/presentation/views/Modules/Admin/Views/DocumentosFacturados/Indicadores/Indicador.tsx:20:3)
    at Indicadores (http://restaurant21.lobytech.test:3002/src/presentation/views/Modules/Admin/Views/DocumentosFacturados/Indicadores/Indicadores.tsx:20:3)
    at div
    at div
    at div
    at div
    at div
    at DocumentosFacturados (http://restaurant21.lobytech.test:3002/src/presentation/views/Modules/Admin/Views/DocumentosFacturados/index.tsx?t=1787530244232:82:41)
    at RenderedRoute (http://restaurant21.lobytech.test:3002/node_modules/.vite/deps/react-router-dom.js?v=23710b64:3310:5)
    at Outlet (http://restaurant21.lobytech.test:3002/node_modules/.vite/deps/react-router-dom.js?v=23710b64:3703:26)
    at div
    at div
    at div
    at LayoutView (http://restaurant21.lobytech.test:3002/src/components/Sidebar/index.tsx?t=1787527165311:31:20)
    at RenderedRoute (http://restaurant21.lobytech.test:3002/node_modules/.vite/deps/react-router-dom.js?v=23710b64:3310:5)
    at Routes (http://restaurant21.lobytech.test:3002/node_modules/.vite/deps/react-router-dom.js?v=23710b64:3763:5)
    at div
    at Router (http://restaurant21.lobytech.test:3002/node_modules/.vite/deps/react-router-dom.js?v=23710b64:3710:15)
    at BrowserRouter (http://restaurant21.lobytech.test:3002/node_modules/.vite/deps/react-router-dom.js?v=23710b64:4190:5)
    at Dashboard
    at QueryClientProvider2 (http://restaurant21.lobytech.test:3002/node_modules/.vite/deps/react-query.js?v=23710b64:2647:21)
    at Provider (http://restaurant21.lobytech.test:3002/node_modules/.vite/deps/react-redux.js?v=23710b64:1481:3)
    at App (http://restaurant21.lobytech.test:3002/src/App.tsx?t=1787530244232:31:7)
    at Provider (http://restaurant21.lobytech.test:3002/node_modules/.vite/deps/react-redux.js?v=23710b64:1481:3) @ http://restaurant21.lobytech.test:3002/node_modules/.vite/deps/react_jsx-dev-runtime.js?v=23710b64:63
[     299ms] [LOG] [] @ http://restaurant21.lobytech.test:3002/src/presentation/views/Modules/Admin/Views/Usuarios/UserTable/UserTableBody/index.tsx:30
[     300ms] [LOG] [] @ http://restaurant21.lobytech.test:3002/src/presentation/views/Modules/Admin/Views/Usuarios/UserTable/UserTableBody/index.tsx:41
[     303ms] [LOG] activeVentas null @ http://restaurant21.lobytech.test:3002/src/components/Modal/Admin/Ventas/index.tsx?t=1787493067224:39
[     303ms] [LOG] undefined @ http://restaurant21.lobytech.test:3002/src/components/Modal/Admin/Ventas/index.tsx?t=1787493067224:40
[     303ms] [LOG] [] @ http://restaurant21.lobytech.test:3002/src/components/Modal/Admin/Ventas/index.tsx?t=1787493067224:47
[     303ms] [LOG] 23/08/2026 @ http://restaurant21.lobytech.test:3002/src/components/Modal/Admin/Ventas/index.tsx?t=1787493067224:53
[     303ms] [LOG] Sun Aug 23 2026 00:00:00 GMT-0500 (hora estándar de Perú) @ http://restaurant21.lobytech.test:3002/src/components/Modal/Admin/Ventas/index.tsx?t=1787493067224:63
[     303ms] [LOG] 1 @ http://restaurant21.lobytech.test:3002/src/components/Modal/Admin/Ventas/index.tsx?t=1787493067224:79
[     304ms] [LOG] {habitacionId: 0, habitacion: , anfitrionaId: 0, anfitriona: , turno: } @ http://restaurant21.lobytech.test:3002/src/components/Modal/Admin/Ventas/index.tsx?t=1787493067224:89
[     304ms] [LOG] [] @ http://restaurant21.lobytech.test:3002/src/components/Modal/Admin/Ventas/index.tsx?t=1787493067224:91
[     304ms] [LOG] 0 @ http://restaurant21.lobytech.test:3002/src/components/Modal/Admin/Ventas/index.tsx?t=1787493067224:99
[     304ms] [LOG] [] @ http://restaurant21.lobytech.test:3002/src/components/Modal/Admin/Ventas/index.tsx?t=1787493067224:105
[     304ms] [LOG]  @ http://restaurant21.lobytech.test:3002/src/components/Modal/Admin/Ventas/index.tsx?t=1787493067224:106
[     304ms] [LOG] 844 @ http://restaurant21.lobytech.test:3002/src/components/Modal/Admin/Ventas/index.tsx?t=1787493067224:121
[     304ms] [LOG] 390 @ http://restaurant21.lobytech.test:3002/src/components/Modal/Admin/Ventas/index.tsx?t=1787493067224:122
[     304ms] [LOG] [] @ http://restaurant21.lobytech.test:3002/src/components/Modal/Admin/Ventas/index.tsx?t=1787493067224:133
[     304ms] [LOG] undefined @ http://restaurant21.lobytech.test:3002/src/components/Modal/Admin/Ventas/index.tsx?t=1787493067224:142
[     307ms] [LOG] value 23/08/2026 @ http://restaurant21.lobytech.test:3002/src/presentation/views/Modules/Admin/Views/DocumentosFacturados/index.tsx?t=1787530244232:87
[     307ms] [LOG] value 23/08/2026 @ http://restaurant21.lobytech.test:3002/src/presentation/views/Modules/Admin/Views/DocumentosFacturados/index.tsx?t=1787530244232:87
[     338ms] [LOG] [Object, Object, Object, Object, Object, Object, Object, Object, Object] @ http://restaurant21.lobytech.test:3002/src/presentation/views/Modules/Admin/Views/DocumentosFacturados/index.tsx?t=1787530244232:156
[     340ms] [LOG] [] @ http://restaurant21.lobytech.test:3002/src/presentation/views/Modules/Admin/Views/Usuarios/UserTable/UserTableBody/index.tsx:30
[     340ms] [LOG] [] @ http://restaurant21.lobytech.test:3002/src/presentation/views/Modules/Admin/Views/Usuarios/UserTable/UserTableBody/index.tsx:41
[     341ms] [LOG] activeVentas null @ http://restaurant21.lobytech.test:3002/src/components/Modal/Admin/Ventas/index.tsx?t=1787493067224:39
[     341ms] [LOG] undefined @ http://restaurant21.lobytech.test:3002/src/components/Modal/Admin/Ventas/index.tsx?t=1787493067224:40
[     341ms] [LOG] [] @ http://restaurant21.lobytech.test:3002/src/components/Modal/Admin/Ventas/index.tsx?t=1787493067224:47
[     341ms] [LOG] 23/08/2026 @ http://restaurant21.lobytech.test:3002/src/components/Modal/Admin/Ventas/index.tsx?t=1787493067224:53
[     342ms] [LOG] Sun Aug 23 2026 00:00:00 GMT-0500 (hora estándar de Perú) @ http://restaurant21.lobytech.test:3002/src/components/Modal/Admin/Ventas/index.tsx?t=1787493067224:63
[     342ms] [LOG] 1 @ http://restaurant21.lobytech.test:3002/src/components/Modal/Admin/Ventas/index.tsx?t=1787493067224:79
[     342ms] [LOG] {habitacionId: 0, habitacion: , anfitrionaId: 0, anfitriona: , turno: } @ http://restaurant21.lobytech.test:3002/src/components/Modal/Admin/Ventas/index.tsx?t=1787493067224:89
[     342ms] [LOG] [] @ http://restaurant21.lobytech.test:3002/src/components/Modal/Admin/Ventas/index.tsx?t=1787493067224:91
[     342ms] [LOG] 0 @ http://restaurant21.lobytech.test:3002/src/components/Modal/Admin/Ventas/index.tsx?t=1787493067224:99
[     342ms] [LOG] [] @ http://restaurant21.lobytech.test:3002/src/components/Modal/Admin/Ventas/index.tsx?t=1787493067224:105
[     342ms] [LOG]  @ http://restaurant21.lobytech.test:3002/src/components/Modal/Admin/Ventas/index.tsx?t=1787493067224:106
[     342ms] [LOG] 844 @ http://restaurant21.lobytech.test:3002/src/components/Modal/Admin/Ventas/index.tsx?t=1787493067224:121
[     342ms] [LOG] 390 @ http://restaurant21.lobytech.test:3002/src/components/Modal/Admin/Ventas/index.tsx?t=1787493067224:122
[     342ms] [LOG] [] @ http://restaurant21.lobytech.test:3002/src/components/Modal/Admin/Ventas/index.tsx?t=1787493067224:133
[     342ms] [LOG] undefined @ http://restaurant21.lobytech.test:3002/src/components/Modal/Admin/Ventas/index.tsx?t=1787493067224:142
[     350ms] [LOG] [Object, Object, Object, Object, Object, Object, Object, Object, Object] @ http://restaurant21.lobytech.test:3002/src/presentation/views/Modules/Admin/Views/DocumentosFacturados/index.tsx?t=1787530244232:156
[     352ms] [LOG] [] @ http://restaurant21.lobytech.test:3002/src/presentation/views/Modules/Admin/Views/Usuarios/UserTable/UserTableBody/index.tsx:30
[     352ms] [LOG] [] @ http://restaurant21.lobytech.test:3002/src/presentation/views/Modules/Admin/Views/Usuarios/UserTable/UserTableBody/index.tsx:41
[     353ms] [LOG] activeVentas null @ http://restaurant21.lobytech.test:3002/src/components/Modal/Admin/Ventas/index.tsx?t=1787493067224:39
[     353ms] [LOG] undefined @ http://restaurant21.lobytech.test:3002/src/components/Modal/Admin/Ventas/index.tsx?t=1787493067224:40
[     353ms] [LOG] [] @ http://restaurant21.lobytech.test:3002/src/components/Modal/Admin/Ventas/index.tsx?t=1787493067224:47
[     354ms] [LOG] 23/08/2026 @ http://restaurant21.lobytech.test:3002/src/components/Modal/Admin/Ventas/index.tsx?t=1787493067224:53
[     354ms] [LOG] Sun Aug 23 2026 00:00:00 GMT-0500 (hora estándar de Perú) @ http://restaurant21.lobytech.test:3002/src/components/Modal/Admin/Ventas/index.tsx?t=1787493067224:63
[     354ms] [LOG] 1 @ http://restaurant21.lobytech.test:3002/src/components/Modal/Admin/Ventas/index.tsx?t=1787493067224:79
[     354ms] [LOG] {habitacionId: 0, habitacion: , anfitrionaId: 0, anfitriona: , turno: } @ http://restaurant21.lobytech.test:3002/src/components/Modal/Admin/Ventas/index.tsx?t=1787493067224:89
[     354ms] [LOG] [] @ http://restaurant21.lobytech.test:3002/src/components/Modal/Admin/Ventas/index.tsx?t=1787493067224:91
[     354ms] [LOG] 0 @ http://restaurant21.lobytech.test:3002/src/components/Modal/Admin/Ventas/index.tsx?t=1787493067224:99
[     354ms] [LOG] [] @ http://restaurant21.lobytech.test:3002/src/components/Modal/Admin/Ventas/index.tsx?t=1787493067224:105
[     354ms] [LOG]  @ http://restaurant21.lobytech.test:3002/src/components/Modal/Admin/Ventas/index.tsx?t=1787493067224:106
[     354ms] [LOG] 844 @ http://restaurant21.lobytech.test:3002/src/components/Modal/Admin/Ventas/index.tsx?t=1787493067224:121
[     354ms] [LOG] 390 @ http://restaurant21.lobytech.test:3002/src/components/Modal/Admin/Ventas/index.tsx?t=1787493067224:122
[     354ms] [LOG] [] @ http://restaurant21.lobytech.test:3002/src/components/Modal/Admin/Ventas/index.tsx?t=1787493067224:133
[     354ms] [LOG] undefined @ http://restaurant21.lobytech.test:3002/src/components/Modal/Admin/Ventas/index.tsx?t=1787493067224:142
[     366ms] [LOG] [] @ http://restaurant21.lobytech.test:3002/src/presentation/views/Modules/Admin/Views/Usuarios/UserTable/UserTableBody/index.tsx:30
[     366ms] [LOG] [] @ http://restaurant21.lobytech.test:3002/src/presentation/views/Modules/Admin/Views/Usuarios/UserTable/UserTableBody/index.tsx:41
[     721ms] [ERROR] Failed to load resource: the server responded with a status of 404 (Not Found) @ http://localhost:5002/api/facturacion/listar?Page=1&Amount=10000&StartDate=23/08/2026&EndDate=23/08/2026:0
[     722ms] [LOG] AxiosError @ http://restaurant21.lobytech.test:3002/src/utils/axios.ts:19
[     723ms] [LOG] error AxiosError @ http://restaurant21.lobytech.test:3002/src/redux/reducers/Admin/ventas/ventasRealizadas.reducer.ts:138
[     723ms] [LOG] [Object, Object, Object, Object, Object, Object, Object, Object, Object] @ http://restaurant21.lobytech.test:3002/src/presentation/views/Modules/Admin/Views/DocumentosFacturados/index.tsx?t=1787530244232:156
[     724ms] [LOG] [] @ http://restaurant21.lobytech.test:3002/src/presentation/views/Modules/Admin/Views/Usuarios/UserTable/UserTableBody/index.tsx:30
[     724ms] [LOG] [] @ http://restaurant21.lobytech.test:3002/src/presentation/views/Modules/Admin/Views/Usuarios/UserTable/UserTableBody/index.tsx:41
[     725ms] [LOG] activeVentas null @ http://restaurant21.lobytech.test:3002/src/components/Modal/Admin/Ventas/index.tsx?t=1787493067224:39
[     725ms] [LOG] undefined @ http://restaurant21.lobytech.test:3002/src/components/Modal/Admin/Ventas/index.tsx?t=1787493067224:40
[     725ms] [LOG] [] @ http://restaurant21.lobytech.test:3002/src/components/Modal/Admin/Ventas/index.tsx?t=1787493067224:47
[     725ms] [LOG] 23/08/2026 @ http://restaurant21.lobytech.test:3002/src/components/Modal/Admin/Ventas/index.tsx?t=1787493067224:53
[     726ms] [LOG] Sun Aug 23 2026 00:00:00 GMT-0500 (hora estándar de Perú) @ http://restaurant21.lobytech.test:3002/src/components/Modal/Admin/Ventas/index.tsx?t=1787493067224:63
[     726ms] [LOG] 1 @ http://restaurant21.lobytech.test:3002/src/components/Modal/Admin/Ventas/index.tsx?t=1787493067224:79
[     726ms] [LOG] {habitacionId: 0, habitacion: , anfitrionaId: 0, anfitriona: , turno: } @ http://restaurant21.lobytech.test:3002/src/components/Modal/Admin/Ventas/index.tsx?t=1787493067224:89
[     726ms] [LOG] [] @ http://restaurant21.lobytech.test:3002/src/components/Modal/Admin/Ventas/index.tsx?t=1787493067224:91
[     726ms] [LOG] 0 @ http://restaurant21.lobytech.test:3002/src/components/Modal/Admin/Ventas/index.tsx?t=1787493067224:99
[     726ms] [LOG] [] @ http://restaurant21.lobytech.test:3002/src/components/Modal/Admin/Ventas/index.tsx?t=1787493067224:105
[     726ms] [LOG]  @ http://restaurant21.lobytech.test:3002/src/components/Modal/Admin/Ventas/index.tsx?t=1787493067224:106
[     726ms] [LOG] 844 @ http://restaurant21.lobytech.test:3002/src/components/Modal/Admin/Ventas/index.tsx?t=1787493067224:121
[     726ms] [LOG] 390 @ http://restaurant21.lobytech.test:3002/src/components/Modal/Admin/Ventas/index.tsx?t=1787493067224:122
[     726ms] [LOG] [] @ http://restaurant21.lobytech.test:3002/src/components/Modal/Admin/Ventas/index.tsx?t=1787493067224:133
[     726ms] [LOG] undefined @ http://restaurant21.lobytech.test:3002/src/components/Modal/Admin/Ventas/index.tsx?t=1787493067224:142
[     727ms] [LOG] [Object, Object, Object, Object, Object, Object, Object, Object, Object] @ http://restaurant21.lobytech.test:3002/src/presentation/views/Modules/Admin/Views/DocumentosFacturados/index.tsx?t=1787530244232:156
[     728ms] [LOG] undefined @ http://restaurant21.lobytech.test:3002/src/presentation/views/Modules/Admin/Views/Usuarios/UserTable/UserTableBody/index.tsx:30
[     728ms] [LOG] undefined @ http://restaurant21.lobytech.test:3002/src/presentation/views/Modules/Admin/Views/Usuarios/UserTable/UserTableBody/index.tsx:41
[     728ms] [LOG] undefined @ http://restaurant21.lobytech.test:3002/src/presentation/views/Modules/Admin/Views/Usuarios/UserTable/UserTableBody/index.tsx:30
[     728ms] [LOG] undefined @ http://restaurant21.lobytech.test:3002/src/presentation/views/Modules/Admin/Views/Usuarios/UserTable/UserTableBody/index.tsx:41
[     728ms] [LOG] activeVentas null @ http://restaurant21.lobytech.test:3002/src/components/Modal/Admin/Ventas/index.tsx?t=1787493067224:39
[     728ms] [LOG] undefined @ http://restaurant21.lobytech.test:3002/src/components/Modal/Admin/Ventas/index.tsx?t=1787493067224:40
[     728ms] [LOG] [] @ http://restaurant21.lobytech.test:3002/src/components/Modal/Admin/Ventas/index.tsx?t=1787493067224:47
[     728ms] [LOG] 23/08/2026 @ http://restaurant21.lobytech.test:3002/src/components/Modal/Admin/Ventas/index.tsx?t=1787493067224:53
[     728ms] [LOG] Sun Aug 23 2026 00:00:00 GMT-0500 (hora estándar de Perú) @ http://restaurant21.lobytech.test:3002/src/components/Modal/Admin/Ventas/index.tsx?t=1787493067224:63
[     728ms] [LOG] 1 @ http://restaurant21.lobytech.test:3002/src/components/Modal/Admin/Ventas/index.tsx?t=1787493067224:79
[     728ms] [LOG] {habitacionId: 0, habitacion: , anfitrionaId: 0, anfitriona: , turno: } @ http://restaurant21.lobytech.test:3002/src/components/Modal/Admin/Ventas/index.tsx?t=1787493067224:89
[     728ms] [LOG] [] @ http://restaurant21.lobytech.test:3002/src/components/Modal/Admin/Ventas/index.tsx?t=1787493067224:91
[     728ms] [LOG] 0 @ http://restaurant21.lobytech.test:3002/src/components/Modal/Admin/Ventas/index.tsx?t=1787493067224:99
[     728ms] [LOG] [] @ http://restaurant21.lobytech.test:3002/src/components/Modal/Admin/Ventas/index.tsx?t=1787493067224:105
[     728ms] [LOG]  @ http://restaurant21.lobytech.test:3002/src/components/Modal/Admin/Ventas/index.tsx?t=1787493067224:106
[     729ms] [LOG] 844 @ http://restaurant21.lobytech.test:3002/src/components/Modal/Admin/Ventas/index.tsx?t=1787493067224:121
[     729ms] [LOG] 390 @ http://restaurant21.lobytech.test:3002/src/components/Modal/Admin/Ventas/index.tsx?t=1787493067224:122
[     729ms] [LOG] [] @ http://restaurant21.lobytech.test:3002/src/components/Modal/Admin/Ventas/index.tsx?t=1787493067224:133
[     729ms] [LOG] undefined @ http://restaurant21.lobytech.test:3002/src/components/Modal/Admin/Ventas/index.tsx?t=1787493067224:142
