[     230ms] [INFO] %cDownload the React DevTools for a better development experience: https://reactjs.org/link/react-devtools font-weight:bold @ http://restaurant21.lobytech.test:3001/node_modules/.vite/deps/chunk-GYWC62UC.js?v=96cc1621:21535
[     280ms] [LOG] [] @ http://restaurant21.lobytech.test:3001/src/presentation/views/Modules/Facturacion/index.tsx?t=1786999049335:74
[     281ms] [LOG] null @ http://restaurant21.lobytech.test:3001/src/presentation/views/Modules/Facturacion/index.tsx?t=1786999049335:102
[     289ms] [ERROR] Warning: validateDOMNesting(...): %s cannot appear as a child of <%s>.%s%s%s <h4> h3   
    at h4
    at h3
    at div
    at div
    at ListaProductos (http://restaurant21.lobytech.test:3001/src/presentation/views/Modules/Facturacion/ListaProductos/index.tsx?t=1786999006926:31:3)
    at div
    at div
    at div
    at Facturacion (http://restaurant21.lobytech.test:3001/src/presentation/views/Modules/Facturacion/index.tsx?t=1786999049335:40:20)
    at RenderedRoute (http://restaurant21.lobytech.test:3001/node_modules/.vite/deps/react-router-dom.js?v=96cc1621:3310:5)
    at Routes (http://restaurant21.lobytech.test:3001/node_modules/.vite/deps/react-router-dom.js?v=96cc1621:3763:5)
    at div
    at Router (http://restaurant21.lobytech.test:3001/node_modules/.vite/deps/react-router-dom.js?v=96cc1621:3710:15)
    at BrowserRouter (http://restaurant21.lobytech.test:3001/node_modules/.vite/deps/react-router-dom.js?v=96cc1621:4190:5)
    at Dashboard
    at QueryClientProvider2 (http://restaurant21.lobytech.test:3001/node_modules/.vite/deps/react-query.js?v=96cc1621:2647:21)
    at Provider (http://restaurant21.lobytech.test:3001/node_modules/.vite/deps/react-redux.js?v=96cc1621:1481:3)
    at App (http://restaurant21.lobytech.test:3001/src/App.tsx?t=1786999370363:31:7)
    at Provider (http://restaurant21.lobytech.test:3001/node_modules/.vite/deps/react-redux.js?v=96cc1621:1481:3) @ http://restaurant21.lobytech.test:3001/node_modules/.vite/deps/chunk-GYWC62UC.js?v=96cc1621:520
[     300ms] [LOG] [] @ http://restaurant21.lobytech.test:3001/src/presentation/views/Modules/Facturacion/index.tsx?t=1786999049335:74
[     301ms] [LOG] null @ http://restaurant21.lobytech.test:3001/src/presentation/views/Modules/Facturacion/index.tsx?t=1786999049335:102
[     348ms] [LOG] [] @ http://restaurant21.lobytech.test:3001/src/presentation/views/Modules/Facturacion/index.tsx?t=1786999049335:74
[     348ms] [LOG] null @ http://restaurant21.lobytech.test:3001/src/presentation/views/Modules/Facturacion/index.tsx?t=1786999049335:102
[    2651ms] [LOG] AxiosError @ http://restaurant21.lobytech.test:3001/src/utils/axios.ts:19
[    2652ms] [LOG] TypeError: Cannot read properties of undefined (reading 'status')
    at http://restaurant21.lobytech.test:3001/src/utils/axios.ts:21:26
    at async http://restaurant21.lobytech.test:3001/src/redux/reducers/Admin/productos/producto.reducer.ts:346:24 @ http://restaurant21.lobytech.test:3001/src/redux/reducers/Admin/productos/producto.reducer.ts:354
[    2652ms] [ERROR] Failed to load resource: net::ERR_CONNECTION_REFUSED @ http://localhost:5001/api/Category/listar:0
[    2652ms] [LOG] AxiosError @ http://restaurant21.lobytech.test:3001/src/utils/axios.ts:19
[    2652ms] [LOG] TypeError: Cannot read properties of undefined (reading 'status')
    at http://restaurant21.lobytech.test:3001/src/utils/axios.ts:21:26
    at async http://restaurant21.lobytech.test:3001/src/redux/reducers/extensiones/extensiones..reducer.ts:42:24 @ http://restaurant21.lobytech.test:3001/src/redux/reducers/extensiones/extensiones..reducer.ts:51
[    2652ms] [ERROR] Failed to load resource: net::ERR_CONNECTION_REFUSED @ http://localhost:5001/api/extensiones/tipo-metodo-pago:0
[    2667ms] [LOG] AxiosError @ http://restaurant21.lobytech.test:3001/src/utils/axios.ts:19
[    2667ms] [LOG] TypeError: Cannot read properties of undefined (reading 'status')
    at http://restaurant21.lobytech.test:3001/src/utils/axios.ts:21:26
    at async http://restaurant21.lobytech.test:3001/src/redux/reducers/Admin/productos/producto.reducer.ts:312:24 @ http://restaurant21.lobytech.test:3001/src/redux/reducers/Admin/productos/producto.reducer.ts:331
[    2668ms] [LOG] [] @ http://restaurant21.lobytech.test:3001/src/presentation/views/Modules/Facturacion/index.tsx?t=1786999049335:74
[    2668ms] [LOG] null @ http://restaurant21.lobytech.test:3001/src/presentation/views/Modules/Facturacion/index.tsx?t=1786999049335:102
[    2671ms] [ERROR] Failed to load resource: net::ERR_CONNECTION_REFUSED @ http://localhost:5001/api/productos/listar?CategoriaId=0&Value=&Page=1&Amount=100:0
[    2671ms] [LOG] AxiosError @ http://restaurant21.lobytech.test:3001/src/utils/axios.ts:19
[    2671ms] [LOG] TypeError: Cannot read properties of undefined (reading 'status')
    at http://restaurant21.lobytech.test:3001/src/utils/axios.ts:21:26
    at async http://restaurant21.lobytech.test:3001/src/redux/reducers/auth/auth.reducer.ts:82:24 @ http://restaurant21.lobytech.test:3001/src/redux/reducers/auth/auth.reducer.ts:92
[    2671ms] [ERROR] Failed to load resource: net::ERR_CONNECTION_REFUSED @ http://localhost:5001/api/autenticacion/@me:0
[    2671ms] [LOG] [] @ http://restaurant21.lobytech.test:3001/src/presentation/views/Modules/Facturacion/index.tsx?t=1786999049335:74
[    2671ms] [LOG] null @ http://restaurant21.lobytech.test:3001/src/presentation/views/Modules/Facturacion/index.tsx?t=1786999049335:102
[   14766ms] [INFO] %cDownload the React DevTools for a better development experience: https://reactjs.org/link/react-devtools font-weight:bold @ http://restaurant21.lobytech.test:3001/node_modules/.vite/deps/chunk-GYWC62UC.js?v=96cc1621:21535
[   14833ms] [LOG] [] @ http://restaurant21.lobytech.test:3001/src/presentation/views/Modules/Facturacion/index.tsx?t=1786999049335:74
[   14833ms] [LOG] null @ http://restaurant21.lobytech.test:3001/src/presentation/views/Modules/Facturacion/index.tsx?t=1786999049335:102
[   14841ms] [ERROR] Warning: validateDOMNesting(...): %s cannot appear as a child of <%s>.%s%s%s <h4> h3   
    at h4
    at h3
    at div
    at div
    at ListaProductos (http://restaurant21.lobytech.test:3001/src/presentation/views/Modules/Facturacion/ListaProductos/index.tsx?t=1786999006926:31:3)
    at div
    at div
    at div
    at Facturacion (http://restaurant21.lobytech.test:3001/src/presentation/views/Modules/Facturacion/index.tsx?t=1786999049335:40:20)
    at RenderedRoute (http://restaurant21.lobytech.test:3001/node_modules/.vite/deps/react-router-dom.js?v=96cc1621:3310:5)
    at Routes (http://restaurant21.lobytech.test:3001/node_modules/.vite/deps/react-router-dom.js?v=96cc1621:3763:5)
    at div
    at Router (http://restaurant21.lobytech.test:3001/node_modules/.vite/deps/react-router-dom.js?v=96cc1621:3710:15)
    at BrowserRouter (http://restaurant21.lobytech.test:3001/node_modules/.vite/deps/react-router-dom.js?v=96cc1621:4190:5)
    at Dashboard
    at QueryClientProvider2 (http://restaurant21.lobytech.test:3001/node_modules/.vite/deps/react-query.js?v=96cc1621:2647:21)
    at Provider (http://restaurant21.lobytech.test:3001/node_modules/.vite/deps/react-redux.js?v=96cc1621:1481:3)
    at App (http://restaurant21.lobytech.test:3001/src/App.tsx?t=1786999370363:31:7)
    at Provider (http://restaurant21.lobytech.test:3001/node_modules/.vite/deps/react-redux.js?v=96cc1621:1481:3) @ http://restaurant21.lobytech.test:3001/node_modules/.vite/deps/chunk-GYWC62UC.js?v=96cc1621:520
[   14853ms] [LOG] [] @ http://restaurant21.lobytech.test:3001/src/presentation/views/Modules/Facturacion/index.tsx?t=1786999049335:74
[   14854ms] [LOG] null @ http://restaurant21.lobytech.test:3001/src/presentation/views/Modules/Facturacion/index.tsx?t=1786999049335:102
[   15120ms] [LOG] [] @ http://restaurant21.lobytech.test:3001/src/presentation/views/Modules/Facturacion/index.tsx?t=1786999049335:74
[   15120ms] [LOG] null @ http://restaurant21.lobytech.test:3001/src/presentation/views/Modules/Facturacion/index.tsx?t=1786999049335:102
[   17227ms] [LOG] AxiosError @ http://restaurant21.lobytech.test:3001/src/utils/axios.ts:19
[   17228ms] [LOG] TypeError: Cannot read properties of undefined (reading 'status')
    at http://restaurant21.lobytech.test:3001/src/utils/axios.ts:21:26
    at async http://restaurant21.lobytech.test:3001/src/redux/reducers/Admin/productos/producto.reducer.ts:346:24 @ http://restaurant21.lobytech.test:3001/src/redux/reducers/Admin/productos/producto.reducer.ts:354
[   17228ms] [ERROR] Failed to load resource: net::ERR_CONNECTION_REFUSED @ http://localhost:5001/api/Category/listar:0
[   17228ms] [LOG] AxiosError @ http://restaurant21.lobytech.test:3001/src/utils/axios.ts:19
[   17228ms] [LOG] TypeError: Cannot read properties of undefined (reading 'status')
    at http://restaurant21.lobytech.test:3001/src/utils/axios.ts:21:26
    at async http://restaurant21.lobytech.test:3001/src/redux/reducers/extensiones/extensiones..reducer.ts:42:24 @ http://restaurant21.lobytech.test:3001/src/redux/reducers/extensiones/extensiones..reducer.ts:51
[   17228ms] [ERROR] Failed to load resource: net::ERR_CONNECTION_REFUSED @ http://localhost:5001/api/extensiones/tipo-metodo-pago:0
[   17273ms] [LOG] AxiosError @ http://restaurant21.lobytech.test:3001/src/utils/axios.ts:19
[   17274ms] [LOG] TypeError: Cannot read properties of undefined (reading 'status')
    at http://restaurant21.lobytech.test:3001/src/utils/axios.ts:21:26
    at async http://restaurant21.lobytech.test:3001/src/redux/reducers/auth/auth.reducer.ts:82:24 @ http://restaurant21.lobytech.test:3001/src/redux/reducers/auth/auth.reducer.ts:92
[   17274ms] [ERROR] Failed to load resource: net::ERR_CONNECTION_REFUSED @ http://localhost:5001/api/autenticacion/@me:0
[   17491ms] [LOG] AxiosError @ http://restaurant21.lobytech.test:3001/src/utils/axios.ts:19
[   17491ms] [LOG] TypeError: Cannot read properties of undefined (reading 'status')
    at http://restaurant21.lobytech.test:3001/src/utils/axios.ts:21:26
    at async http://restaurant21.lobytech.test:3001/src/redux/reducers/Admin/productos/producto.reducer.ts:312:24 @ http://restaurant21.lobytech.test:3001/src/redux/reducers/Admin/productos/producto.reducer.ts:331
[   17492ms] [LOG] [] @ http://restaurant21.lobytech.test:3001/src/presentation/views/Modules/Facturacion/index.tsx?t=1786999049335:74
[   17493ms] [LOG] null @ http://restaurant21.lobytech.test:3001/src/presentation/views/Modules/Facturacion/index.tsx?t=1786999049335:102
[   17496ms] [ERROR] Failed to load resource: net::ERR_CONNECTION_REFUSED @ http://localhost:5001/api/productos/listar?CategoriaId=0&Value=&Page=1&Amount=100:0
[   17497ms] [LOG] [] @ http://restaurant21.lobytech.test:3001/src/presentation/views/Modules/Facturacion/index.tsx?t=1786999049335:74
[   17497ms] [LOG] null @ http://restaurant21.lobytech.test:3001/src/presentation/views/Modules/Facturacion/index.tsx?t=1786999049335:102
[   25138ms] [INFO] %cDownload the React DevTools for a better development experience: https://reactjs.org/link/react-devtools font-weight:bold @ http://restaurant21.lobytech.test:3001/node_modules/.vite/deps/chunk-GYWC62UC.js?v=96cc1621:21535
[   25193ms] [LOG] [] @ http://restaurant21.lobytech.test:3001/src/presentation/views/Modules/Facturacion/index.tsx?t=1786999049335:74
[   25194ms] [LOG] null @ http://restaurant21.lobytech.test:3001/src/presentation/views/Modules/Facturacion/index.tsx?t=1786999049335:102
[   25200ms] [ERROR] Warning: validateDOMNesting(...): %s cannot appear as a child of <%s>.%s%s%s <h4> h3   
    at h4
    at h3
    at div
    at div
    at ListaProductos (http://restaurant21.lobytech.test:3001/src/presentation/views/Modules/Facturacion/ListaProductos/index.tsx?t=1786999006926:31:3)
    at div
    at div
    at div
    at Facturacion (http://restaurant21.lobytech.test:3001/src/presentation/views/Modules/Facturacion/index.tsx?t=1786999049335:40:20)
    at RenderedRoute (http://restaurant21.lobytech.test:3001/node_modules/.vite/deps/react-router-dom.js?v=96cc1621:3310:5)
    at Routes (http://restaurant21.lobytech.test:3001/node_modules/.vite/deps/react-router-dom.js?v=96cc1621:3763:5)
    at div
    at Router (http://restaurant21.lobytech.test:3001/node_modules/.vite/deps/react-router-dom.js?v=96cc1621:3710:15)
    at BrowserRouter (http://restaurant21.lobytech.test:3001/node_modules/.vite/deps/react-router-dom.js?v=96cc1621:4190:5)
    at Dashboard
    at QueryClientProvider2 (http://restaurant21.lobytech.test:3001/node_modules/.vite/deps/react-query.js?v=96cc1621:2647:21)
    at Provider (http://restaurant21.lobytech.test:3001/node_modules/.vite/deps/react-redux.js?v=96cc1621:1481:3)
    at App (http://restaurant21.lobytech.test:3001/src/App.tsx?t=1786999370363:31:7)
    at Provider (http://restaurant21.lobytech.test:3001/node_modules/.vite/deps/react-redux.js?v=96cc1621:1481:3) @ http://restaurant21.lobytech.test:3001/node_modules/.vite/deps/chunk-GYWC62UC.js?v=96cc1621:520
[   25206ms] [LOG] [] @ http://restaurant21.lobytech.test:3001/src/presentation/views/Modules/Facturacion/index.tsx?t=1786999049335:74
[   25207ms] [LOG] null @ http://restaurant21.lobytech.test:3001/src/presentation/views/Modules/Facturacion/index.tsx?t=1786999049335:102
[   25328ms] [LOG] [] @ http://restaurant21.lobytech.test:3001/src/presentation/views/Modules/Facturacion/index.tsx?t=1786999049335:74
[   25329ms] [LOG] null @ http://restaurant21.lobytech.test:3001/src/presentation/views/Modules/Facturacion/index.tsx?t=1786999049335:102
[   27581ms] [LOG] AxiosError @ http://restaurant21.lobytech.test:3001/src/utils/axios.ts:19
[   27581ms] [LOG] TypeError: Cannot read properties of undefined (reading 'status')
    at http://restaurant21.lobytech.test:3001/src/utils/axios.ts:21:26
    at async http://restaurant21.lobytech.test:3001/src/redux/reducers/Admin/productos/producto.reducer.ts:346:24 @ http://restaurant21.lobytech.test:3001/src/redux/reducers/Admin/productos/producto.reducer.ts:354
[   27581ms] [ERROR] Failed to load resource: net::ERR_CONNECTION_REFUSED @ http://localhost:5001/api/Category/listar:0
[   27581ms] [LOG] AxiosError @ http://restaurant21.lobytech.test:3001/src/utils/axios.ts:19
[   27582ms] [LOG] TypeError: Cannot read properties of undefined (reading 'status')
    at http://restaurant21.lobytech.test:3001/src/utils/axios.ts:21:26
    at async http://restaurant21.lobytech.test:3001/src/redux/reducers/extensiones/extensiones..reducer.ts:42:24 @ http://restaurant21.lobytech.test:3001/src/redux/reducers/extensiones/extensiones..reducer.ts:51
[   27582ms] [ERROR] Failed to load resource: net::ERR_CONNECTION_REFUSED @ http://localhost:5001/api/extensiones/tipo-metodo-pago:0
[   27582ms] [LOG] AxiosError @ http://restaurant21.lobytech.test:3001/src/utils/axios.ts:19
[   27582ms] [LOG] TypeError: Cannot read properties of undefined (reading 'status')
    at http://restaurant21.lobytech.test:3001/src/utils/axios.ts:21:26
    at async http://restaurant21.lobytech.test:3001/src/redux/reducers/auth/auth.reducer.ts:82:24 @ http://restaurant21.lobytech.test:3001/src/redux/reducers/auth/auth.reducer.ts:92
[   27582ms] [ERROR] Failed to load resource: net::ERR_CONNECTION_REFUSED @ http://localhost:5001/api/autenticacion/@me:0
[   30830ms] [LOG] AxiosError @ http://restaurant21.lobytech.test:3001/src/utils/axios.ts:19
[   30830ms] [LOG] TypeError: Cannot read properties of undefined (reading 'status')
    at http://restaurant21.lobytech.test:3001/src/utils/axios.ts:21:26
    at async http://restaurant21.lobytech.test:3001/src/redux/reducers/Admin/productos/producto.reducer.ts:312:24 @ http://restaurant21.lobytech.test:3001/src/redux/reducers/Admin/productos/producto.reducer.ts:331
[   30830ms] [LOG] [] @ http://restaurant21.lobytech.test:3001/src/presentation/views/Modules/Facturacion/index.tsx?t=1786999049335:74
[   30830ms] [LOG] null @ http://restaurant21.lobytech.test:3001/src/presentation/views/Modules/Facturacion/index.tsx?t=1786999049335:102
[   30833ms] [ERROR] Failed to load resource: net::ERR_CONNECTION_REFUSED @ http://localhost:5001/api/productos/listar?CategoriaId=0&Value=&Page=1&Amount=100:0
[   30834ms] [LOG] [] @ http://restaurant21.lobytech.test:3001/src/presentation/views/Modules/Facturacion/index.tsx?t=1786999049335:74
[   30834ms] [LOG] null @ http://restaurant21.lobytech.test:3001/src/presentation/views/Modules/Facturacion/index.tsx?t=1786999049335:102
[   44859ms] [INFO] %cDownload the React DevTools for a better development experience: https://reactjs.org/link/react-devtools font-weight:bold @ http://restaurant21.lobytech.test:3001/node_modules/.vite/deps/chunk-GYWC62UC.js?v=96cc1621:21535
[   47288ms] [LOG] AxiosError @ http://restaurant21.lobytech.test:3001/src/utils/axios.ts:19
[   47289ms] [LOG] TypeError: Cannot read properties of undefined (reading 'status')
    at http://restaurant21.lobytech.test:3001/src/utils/axios.ts:21:26
    at async http://restaurant21.lobytech.test:3001/src/redux/reducers/auth/auth.reducer.ts:82:24 @ http://restaurant21.lobytech.test:3001/src/redux/reducers/auth/auth.reducer.ts:92
[   47289ms] [ERROR] Failed to load resource: net::ERR_CONNECTION_REFUSED @ http://localhost:5001/api/autenticacion/@me:0
[   47555ms] [LOG] AxiosError @ http://restaurant21.lobytech.test:3001/src/utils/axios.ts:19
[   47556ms] [ERROR] Failed to load resource: net::ERR_CONNECTION_REFUSED @ http://localhost:5001/api/user/listar-usuarios:0
[ 1884307ms] [INFO] %cDownload the React DevTools for a better development experience: https://reactjs.org/link/react-devtools font-weight:bold @ http://restaurant21.lobytech.test:3001/node_modules/.vite/deps/chunk-GYWC62UC.js?v=96cc1621:21535
[ 1886781ms] [LOG] AxiosError @ http://restaurant21.lobytech.test:3001/src/utils/axios.ts:19
[ 1886781ms] [ERROR] Failed to load resource: net::ERR_CONNECTION_REFUSED @ http://localhost:5001/api/user/listar-usuarios:0
[ 1886781ms] [LOG] AxiosError @ http://restaurant21.lobytech.test:3001/src/utils/axios.ts:19
[ 1886781ms] [LOG] TypeError: Cannot read properties of undefined (reading 'status')
    at http://restaurant21.lobytech.test:3001/src/utils/axios.ts:21:26
    at async http://restaurant21.lobytech.test:3001/src/redux/reducers/auth/auth.reducer.ts:82:24 @ http://restaurant21.lobytech.test:3001/src/redux/reducers/auth/auth.reducer.ts:92
[ 1886782ms] [ERROR] Failed to load resource: net::ERR_CONNECTION_REFUSED @ http://localhost:5001/api/autenticacion/@me:0
[ 1888105ms] [VERBOSE] [DOM] Password field is not contained in a form: (More info: https://goo.gl/9p2vKq) %o @ http://restaurant21.lobytech.test:3001/dashboard/usuarios:0
