[     334ms] [INFO] %cDownload the React DevTools for a better development experience: https://reactjs.org/link/react-devtools font-weight:bold @ http://restaurant21.lobytech.test:3001/node_modules/.vite/deps/chunk-GYWC62UC.js?v=96cc1621:21535
[     436ms] [LOG]  @ http://restaurant21.lobytech.test:3001/src/presentation/views/Modules/Admin/Views/Productos/index.tsx?t=1786999370363:58
[     436ms] [LOG] 0 @ http://restaurant21.lobytech.test:3001/src/presentation/views/Modules/Admin/Views/Productos/index.tsx?t=1786999370363:94
[     436ms] [LOG] 1 @ http://restaurant21.lobytech.test:3001/src/presentation/views/Modules/Admin/Views/Productos/index.tsx?t=1786999370363:189
[     436ms] [LOG] undefined @ http://restaurant21.lobytech.test:3001/src/presentation/views/Modules/Admin/Views/Productos/index.tsx?t=1786999370363:194
[     448ms] [LOG] [] @ http://restaurant21.lobytech.test:3001/src/components/Modal/Admin/Producto/index.tsx?t=1786999370363:63
[     448ms] [LOG] 0 @ http://restaurant21.lobytech.test:3001/src/components/Modal/Admin/Producto/index.tsx?t=1786999370363:84
[     448ms] [LOG] [] @ http://restaurant21.lobytech.test:3001/src/components/Modal/Admin/Producto/index.tsx?t=1786999370363:111
[     449ms] [LOG] [] @ http://restaurant21.lobytech.test:3001/src/components/Modal/Admin/Producto/index.tsx?t=1786999370363:121
[     455ms] [LOG] here @ http://restaurant21.lobytech.test:3001/src/presentation/views/Modules/Admin/Views/Productos/index.tsx?t=1786999370363:91
[     595ms] [LOG]  @ http://restaurant21.lobytech.test:3001/src/presentation/views/Modules/Admin/Views/Productos/index.tsx?t=1786999370363:58
[     595ms] [LOG] 0 @ http://restaurant21.lobytech.test:3001/src/presentation/views/Modules/Admin/Views/Productos/index.tsx?t=1786999370363:94
[     595ms] [LOG] 1 @ http://restaurant21.lobytech.test:3001/src/presentation/views/Modules/Admin/Views/Productos/index.tsx?t=1786999370363:189
[     595ms] [LOG] undefined @ http://restaurant21.lobytech.test:3001/src/presentation/views/Modules/Admin/Views/Productos/index.tsx?t=1786999370363:194
[     597ms] [LOG] [] @ http://restaurant21.lobytech.test:3001/src/components/Modal/Admin/Producto/index.tsx?t=1786999370363:63
[     597ms] [LOG] 0 @ http://restaurant21.lobytech.test:3001/src/components/Modal/Admin/Producto/index.tsx?t=1786999370363:84
[     597ms] [LOG] [] @ http://restaurant21.lobytech.test:3001/src/components/Modal/Admin/Producto/index.tsx?t=1786999370363:111
[     597ms] [LOG] [] @ http://restaurant21.lobytech.test:3001/src/components/Modal/Admin/Producto/index.tsx?t=1786999370363:121
[     599ms] [LOG]  @ http://restaurant21.lobytech.test:3001/src/presentation/views/Modules/Admin/Views/Productos/index.tsx?t=1786999370363:58
[     599ms] [LOG] 0 @ http://restaurant21.lobytech.test:3001/src/presentation/views/Modules/Admin/Views/Productos/index.tsx?t=1786999370363:94
[     599ms] [LOG] 1 @ http://restaurant21.lobytech.test:3001/src/presentation/views/Modules/Admin/Views/Productos/index.tsx?t=1786999370363:189
[     600ms] [LOG] undefined @ http://restaurant21.lobytech.test:3001/src/presentation/views/Modules/Admin/Views/Productos/index.tsx?t=1786999370363:194
[    2828ms] [LOG] AxiosError @ http://restaurant21.lobytech.test:3001/src/utils/axios.ts:19
[    2828ms] [LOG] TypeError: Cannot read properties of undefined (reading 'status')
    at http://restaurant21.lobytech.test:3001/src/utils/axios.ts:21:26
    at async http://restaurant21.lobytech.test:3001/src/redux/reducers/Admin/productos/producto.reducer.ts:312:24 @ http://restaurant21.lobytech.test:3001/src/redux/reducers/Admin/productos/producto.reducer.ts:331
[    2828ms] [LOG]  @ http://restaurant21.lobytech.test:3001/src/presentation/views/Modules/Admin/Views/Productos/index.tsx?t=1786999370363:58
[    2829ms] [LOG] 0 @ http://restaurant21.lobytech.test:3001/src/presentation/views/Modules/Admin/Views/Productos/index.tsx?t=1786999370363:94
[    2829ms] [LOG] 1 @ http://restaurant21.lobytech.test:3001/src/presentation/views/Modules/Admin/Views/Productos/index.tsx?t=1786999370363:189
[    2829ms] [LOG] undefined @ http://restaurant21.lobytech.test:3001/src/presentation/views/Modules/Admin/Views/Productos/index.tsx?t=1786999370363:194
[    2830ms] [LOG] [] @ http://restaurant21.lobytech.test:3001/src/components/Modal/Admin/Producto/index.tsx?t=1786999370363:63
[    2831ms] [LOG] 0 @ http://restaurant21.lobytech.test:3001/src/components/Modal/Admin/Producto/index.tsx?t=1786999370363:84
[    2831ms] [LOG] [] @ http://restaurant21.lobytech.test:3001/src/components/Modal/Admin/Producto/index.tsx?t=1786999370363:111
[    2831ms] [LOG] [] @ http://restaurant21.lobytech.test:3001/src/components/Modal/Admin/Producto/index.tsx?t=1786999370363:121
[    2831ms] [LOG] here @ http://restaurant21.lobytech.test:3001/src/presentation/views/Modules/Admin/Views/Productos/index.tsx?t=1786999370363:91
[    2832ms] [ERROR] Failed to load resource: net::ERR_CONNECTION_REFUSED @ http://localhost:5001/api/productos/listar?CategoriaId=0&Value=&Page=1&Amount=12:0
[    2832ms] [LOG] AxiosError @ http://restaurant21.lobytech.test:3001/src/utils/axios.ts:19
[    2832ms] [LOG] TypeError: Cannot read properties of undefined (reading 'status')
    at http://restaurant21.lobytech.test:3001/src/utils/axios.ts:21:26
    at async http://restaurant21.lobytech.test:3001/src/redux/reducers/Admin/productos/producto.reducer.ts:346:24 @ http://restaurant21.lobytech.test:3001/src/redux/reducers/Admin/productos/producto.reducer.ts:354
[    2832ms] [ERROR] Failed to load resource: net::ERR_CONNECTION_REFUSED @ http://localhost:5001/api/Category/listar:0
[    2832ms] [LOG] AxiosError @ http://restaurant21.lobytech.test:3001/src/utils/axios.ts:19
[    2832ms] [LOG] TypeError: Cannot read properties of undefined (reading 'status')
    at http://restaurant21.lobytech.test:3001/src/utils/axios.ts:21:26
    at async http://restaurant21.lobytech.test:3001/src/redux/reducers/Admin/productos/producto.reducer.ts:523:24 @ http://restaurant21.lobytech.test:3001/src/redux/reducers/Admin/productos/producto.reducer.ts:534
[    2833ms] [ERROR] Failed to load resource: net::ERR_CONNECTION_REFUSED @ http://localhost:5001/api/Grupo/listar?CategoriaId=0:0
[    2833ms] [LOG] AxiosError @ http://restaurant21.lobytech.test:3001/src/utils/axios.ts:19
[    2833ms] [LOG] TypeError: Cannot read properties of undefined (reading 'status')
    at http://restaurant21.lobytech.test:3001/src/utils/axios.ts:21:26
    at async http://restaurant21.lobytech.test:3001/src/redux/reducers/Admin/productos/producto.reducer.ts:542:24 @ http://restaurant21.lobytech.test:3001/src/redux/reducers/Admin/productos/producto.reducer.ts:553
[    2833ms] [ERROR] Failed to load resource: net::ERR_CONNECTION_REFUSED @ http://localhost:5001/api/Grupo/listar:0
[    2833ms] [LOG] AxiosError @ http://restaurant21.lobytech.test:3001/src/utils/axios.ts:19
[    2833ms] [LOG] TypeError: Cannot read properties of undefined (reading 'status')
    at http://restaurant21.lobytech.test:3001/src/utils/axios.ts:21:26
    at async http://restaurant21.lobytech.test:3001/src/redux/reducers/auth/auth.reducer.ts:82:24 @ http://restaurant21.lobytech.test:3001/src/redux/reducers/auth/auth.reducer.ts:92
[    2833ms] [ERROR] Failed to load resource: net::ERR_CONNECTION_REFUSED @ http://localhost:5001/api/autenticacion/@me:0
[    2834ms] [LOG]  @ http://restaurant21.lobytech.test:3001/src/presentation/views/Modules/Admin/Views/Productos/index.tsx?t=1786999370363:58
[    2834ms] [LOG] 0 @ http://restaurant21.lobytech.test:3001/src/presentation/views/Modules/Admin/Views/Productos/index.tsx?t=1786999370363:94
[    2834ms] [LOG] 1 @ http://restaurant21.lobytech.test:3001/src/presentation/views/Modules/Admin/Views/Productos/index.tsx?t=1786999370363:189
[    2834ms] [LOG] undefined @ http://restaurant21.lobytech.test:3001/src/presentation/views/Modules/Admin/Views/Productos/index.tsx?t=1786999370363:194
[    2838ms] [LOG] [] @ http://restaurant21.lobytech.test:3001/src/components/Modal/Admin/Producto/index.tsx?t=1786999370363:63
[    2839ms] [LOG] 0 @ http://restaurant21.lobytech.test:3001/src/components/Modal/Admin/Producto/index.tsx?t=1786999370363:84
[    2839ms] [LOG] [] @ http://restaurant21.lobytech.test:3001/src/components/Modal/Admin/Producto/index.tsx?t=1786999370363:111
[    2839ms] [LOG] [] @ http://restaurant21.lobytech.test:3001/src/components/Modal/Admin/Producto/index.tsx?t=1786999370363:121
[    2842ms] [LOG]  @ http://restaurant21.lobytech.test:3001/src/presentation/views/Modules/Admin/Views/Productos/index.tsx?t=1786999370363:58
[    2842ms] [LOG] 0 @ http://restaurant21.lobytech.test:3001/src/presentation/views/Modules/Admin/Views/Productos/index.tsx?t=1786999370363:94
[    2842ms] [LOG] 1 @ http://restaurant21.lobytech.test:3001/src/presentation/views/Modules/Admin/Views/Productos/index.tsx?t=1786999370363:189
[    2843ms] [LOG] undefined @ http://restaurant21.lobytech.test:3001/src/presentation/views/Modules/Admin/Views/Productos/index.tsx?t=1786999370363:194
