[     397ms] [INFO] %cDownload the React DevTools for a better development experience: https://reactjs.org/link/react-devtools font-weight:bold @ http://restaurant21.lobytech.test:3002/node_modules/.vite/deps/chunk-GYWC62UC.js?v=23710b64:21535
[     471ms] [LOG] [] @ http://restaurant21.lobytech.test:3002/src/presentation/views/Modules/Admin/Views/reporte-asistencia/index.tsx?t=1787530590430:155
[     471ms] [LOG] Sun Aug 23 2026 00:00:00 GMT-0500 (hora estándar de Perú) @ http://restaurant21.lobytech.test:3002/src/presentation/views/Modules/Admin/Views/reporte-asistencia/index.tsx?t=1787530590430:175
[     472ms] [LOG] {turno: Turno Especial, diaSemana: 0} @ http://restaurant21.lobytech.test:3002/src/presentation/views/Modules/Admin/Views/reporte-asistencia/index.tsx?t=1787530590430:189
[     472ms] [LOG] Sun Aug 23 2026 00:00:00 GMT-0500 (hora estándar de Perú) @ http://restaurant21.lobytech.test:3002/src/presentation/views/Modules/Admin/Views/reporte-asistencia/index.tsx?t=1787530590430:175
[     472ms] [LOG] Sun Aug 23 2026 00:00:00 GMT-0500 (hora estándar de Perú) @ http://restaurant21.lobytech.test:3002/src/presentation/views/Modules/Admin/Views/reporte-asistencia/index.tsx?t=1787530590430:175
[     472ms] [LOG] [] @ http://restaurant21.lobytech.test:3002/src/presentation/views/Modules/Admin/Views/reporte-asistencia/index.tsx?t=1787530590430:203
[     473ms] [LOG] false @ http://restaurant21.lobytech.test:3002/src/components/Toggle/index.tsx:24
[     473ms] [LOG] () => {
    if (diaSemana === 0) {
      setCheckedTurno(false);
    } else {
      setCheckedTurno(!isTurno);
    }
  } @ http://restaurant21.lobytech.test:3002/src/components/Toggle/index.tsx:25
[     476ms] [LOG] {column: , asc: true} @ http://restaurant21.lobytech.test:3002/src/components/Datatable/table/DataTable.tsx:43
[     481ms] [LOG] [] @ http://restaurant21.lobytech.test:3002/src/components/Modal/Admin/Fichas/index.tsx?t=1787493067224:37
[     482ms] [LOG] [] @ http://restaurant21.lobytech.test:3002/src/components/Modal/Admin/Fichas/index.tsx?t=1787493067224:38
[     482ms] [LOG] null @ http://restaurant21.lobytech.test:3002/src/components/Modal/Admin/Fichas/index.tsx?t=1787493067224:39
[     482ms] [LOG] 844 @ http://restaurant21.lobytech.test:3002/src/components/Modal/Admin/Fichas/index.tsx?t=1787493067224:47
[     482ms] [LOG] 844 @ http://restaurant21.lobytech.test:3002/src/components/Modal/Admin/Fichas/index.tsx?t=1787493067224:48
[     532ms] [LOG] [] @ http://restaurant21.lobytech.test:3002/src/presentation/views/Modules/Admin/Views/reporte-asistencia/index.tsx?t=1787530590430:155
[     532ms] [LOG] Sun Aug 23 2026 00:00:00 GMT-0500 (hora estándar de Perú) @ http://restaurant21.lobytech.test:3002/src/presentation/views/Modules/Admin/Views/reporte-asistencia/index.tsx?t=1787530590430:175
[     532ms] [LOG] {turno: Turno Especial, diaSemana: 0} @ http://restaurant21.lobytech.test:3002/src/presentation/views/Modules/Admin/Views/reporte-asistencia/index.tsx?t=1787530590430:189
[     532ms] [LOG] Sun Aug 23 2026 00:00:00 GMT-0500 (hora estándar de Perú) @ http://restaurant21.lobytech.test:3002/src/presentation/views/Modules/Admin/Views/reporte-asistencia/index.tsx?t=1787530590430:175
[     532ms] [LOG] Sun Aug 23 2026 00:00:00 GMT-0500 (hora estándar de Perú) @ http://restaurant21.lobytech.test:3002/src/presentation/views/Modules/Admin/Views/reporte-asistencia/index.tsx?t=1787530590430:175
[     533ms] [LOG] [] @ http://restaurant21.lobytech.test:3002/src/presentation/views/Modules/Admin/Views/reporte-asistencia/index.tsx?t=1787530590430:203
[     533ms] [LOG] false @ http://restaurant21.lobytech.test:3002/src/components/Toggle/index.tsx:24
[     533ms] [LOG] () => {
    if (diaSemana === 0) {
      setCheckedTurno(false);
    } else {
      setCheckedTurno(!isTurno);
    }
  } @ http://restaurant21.lobytech.test:3002/src/components/Toggle/index.tsx:25
[     535ms] [LOG] {column: , asc: true} @ http://restaurant21.lobytech.test:3002/src/components/Datatable/table/DataTable.tsx:43
[     538ms] [LOG] [] @ http://restaurant21.lobytech.test:3002/src/components/Modal/Admin/Fichas/index.tsx?t=1787493067224:37
[     539ms] [LOG] [] @ http://restaurant21.lobytech.test:3002/src/components/Modal/Admin/Fichas/index.tsx?t=1787493067224:38
[     539ms] [LOG] null @ http://restaurant21.lobytech.test:3002/src/components/Modal/Admin/Fichas/index.tsx?t=1787493067224:39
[     539ms] [LOG] 844 @ http://restaurant21.lobytech.test:3002/src/components/Modal/Admin/Fichas/index.tsx?t=1787493067224:47
[     539ms] [LOG] 844 @ http://restaurant21.lobytech.test:3002/src/components/Modal/Admin/Fichas/index.tsx?t=1787493067224:48
[     554ms] [LOG] [] @ http://restaurant21.lobytech.test:3002/src/presentation/views/Modules/Admin/Views/reporte-asistencia/index.tsx?t=1787530590430:155
[     554ms] [LOG] Sun Aug 23 2026 00:00:00 GMT-0500 (hora estándar de Perú) @ http://restaurant21.lobytech.test:3002/src/presentation/views/Modules/Admin/Views/reporte-asistencia/index.tsx?t=1787530590430:175
[     554ms] [LOG] {turno: Turno Especial, diaSemana: 0} @ http://restaurant21.lobytech.test:3002/src/presentation/views/Modules/Admin/Views/reporte-asistencia/index.tsx?t=1787530590430:189
[     554ms] [LOG] Sun Aug 23 2026 00:00:00 GMT-0500 (hora estándar de Perú) @ http://restaurant21.lobytech.test:3002/src/presentation/views/Modules/Admin/Views/reporte-asistencia/index.tsx?t=1787530590430:175
[     554ms] [LOG] Sun Aug 23 2026 00:00:00 GMT-0500 (hora estándar de Perú) @ http://restaurant21.lobytech.test:3002/src/presentation/views/Modules/Admin/Views/reporte-asistencia/index.tsx?t=1787530590430:175
[     555ms] [LOG] [] @ http://restaurant21.lobytech.test:3002/src/presentation/views/Modules/Admin/Views/reporte-asistencia/index.tsx?t=1787530590430:203
[     555ms] [LOG] false @ http://restaurant21.lobytech.test:3002/src/components/Toggle/index.tsx:24
[     555ms] [LOG] () => {
    if (diaSemana === 0) {
      setCheckedTurno(false);
    } else {
      setCheckedTurno(!isTurno);
    }
  } @ http://restaurant21.lobytech.test:3002/src/components/Toggle/index.tsx:25
[     556ms] [LOG] {column: , asc: true} @ http://restaurant21.lobytech.test:3002/src/components/Datatable/table/DataTable.tsx:43
[     559ms] [LOG] [] @ http://restaurant21.lobytech.test:3002/src/components/Modal/Admin/Fichas/index.tsx?t=1787493067224:37
[     560ms] [LOG] [] @ http://restaurant21.lobytech.test:3002/src/components/Modal/Admin/Fichas/index.tsx?t=1787493067224:38
[     560ms] [LOG] null @ http://restaurant21.lobytech.test:3002/src/components/Modal/Admin/Fichas/index.tsx?t=1787493067224:39
[     560ms] [LOG] 844 @ http://restaurant21.lobytech.test:3002/src/components/Modal/Admin/Fichas/index.tsx?t=1787493067224:47
[     560ms] [LOG] 844 @ http://restaurant21.lobytech.test:3002/src/components/Modal/Admin/Fichas/index.tsx?t=1787493067224:48
[     563ms] [ERROR] Failed to load resource: the server responded with a status of 500 (Internal Server Error) @ http://localhost:5002/api/facturacion/listar-fichas?fecha=23/08/2026:0
[     563ms] [LOG] AxiosError @ http://restaurant21.lobytech.test:3002/src/utils/axios.ts:19
[     563ms] [LOG] AxiosError @ http://restaurant21.lobytech.test:3002/src/redux/reducers/Admin/asistencia/asistencia.reducer.ts:374
[     564ms] [LOG] [] @ http://restaurant21.lobytech.test:3002/src/presentation/views/Modules/Admin/Views/reporte-asistencia/index.tsx?t=1787530590430:155
[     564ms] [LOG] Sun Aug 23 2026 00:00:00 GMT-0500 (hora estándar de Perú) @ http://restaurant21.lobytech.test:3002/src/presentation/views/Modules/Admin/Views/reporte-asistencia/index.tsx?t=1787530590430:175
[     564ms] [LOG] {turno: Turno Especial, diaSemana: 0} @ http://restaurant21.lobytech.test:3002/src/presentation/views/Modules/Admin/Views/reporte-asistencia/index.tsx?t=1787530590430:189
[     564ms] [LOG] Sun Aug 23 2026 00:00:00 GMT-0500 (hora estándar de Perú) @ http://restaurant21.lobytech.test:3002/src/presentation/views/Modules/Admin/Views/reporte-asistencia/index.tsx?t=1787530590430:175
[     564ms] [LOG] Sun Aug 23 2026 00:00:00 GMT-0500 (hora estándar de Perú) @ http://restaurant21.lobytech.test:3002/src/presentation/views/Modules/Admin/Views/reporte-asistencia/index.tsx?t=1787530590430:175
[     565ms] [LOG] [] @ http://restaurant21.lobytech.test:3002/src/presentation/views/Modules/Admin/Views/reporte-asistencia/index.tsx?t=1787530590430:203
[     565ms] [LOG] false @ http://restaurant21.lobytech.test:3002/src/components/Toggle/index.tsx:24
[     565ms] [LOG] () => {
    if (diaSemana === 0) {
      setCheckedTurno(false);
    } else {
      setCheckedTurno(!isTurno);
    }
  } @ http://restaurant21.lobytech.test:3002/src/components/Toggle/index.tsx:25
[     566ms] [LOG] {column: , asc: true} @ http://restaurant21.lobytech.test:3002/src/components/Datatable/table/DataTable.tsx:43
[     570ms] [LOG] [] @ http://restaurant21.lobytech.test:3002/src/components/Modal/Admin/Fichas/index.tsx?t=1787493067224:37
[     570ms] [LOG] [] @ http://restaurant21.lobytech.test:3002/src/components/Modal/Admin/Fichas/index.tsx?t=1787493067224:38
[     570ms] [LOG] null @ http://restaurant21.lobytech.test:3002/src/components/Modal/Admin/Fichas/index.tsx?t=1787493067224:39
[     570ms] [LOG] 844 @ http://restaurant21.lobytech.test:3002/src/components/Modal/Admin/Fichas/index.tsx?t=1787493067224:47
[     571ms] [LOG] 844 @ http://restaurant21.lobytech.test:3002/src/components/Modal/Admin/Fichas/index.tsx?t=1787493067224:48
[     582ms] [LOG] {column: , asc: true} @ http://restaurant21.lobytech.test:3002/src/components/Datatable/table/DataTable.tsx:43
[     687ms] [LOG] {code: 1, message: Success, data: Array(0), status: 200} @ http://restaurant21.lobytech.test:3002/src/redux/reducers/Admin/asistencia/asistencia.reducer.ts:334
[     688ms] [LOG] [] @ http://restaurant21.lobytech.test:3002/src/presentation/views/Modules/Admin/Views/reporte-asistencia/index.tsx?t=1787530590430:155
[     689ms] [LOG] Sun Aug 23 2026 00:00:00 GMT-0500 (hora estándar de Perú) @ http://restaurant21.lobytech.test:3002/src/presentation/views/Modules/Admin/Views/reporte-asistencia/index.tsx?t=1787530590430:175
[     689ms] [LOG] {turno: Turno Especial, diaSemana: 0} @ http://restaurant21.lobytech.test:3002/src/presentation/views/Modules/Admin/Views/reporte-asistencia/index.tsx?t=1787530590430:189
[     689ms] [LOG] Sun Aug 23 2026 00:00:00 GMT-0500 (hora estándar de Perú) @ http://restaurant21.lobytech.test:3002/src/presentation/views/Modules/Admin/Views/reporte-asistencia/index.tsx?t=1787530590430:175
[     690ms] [LOG] Sun Aug 23 2026 00:00:00 GMT-0500 (hora estándar de Perú) @ http://restaurant21.lobytech.test:3002/src/presentation/views/Modules/Admin/Views/reporte-asistencia/index.tsx?t=1787530590430:175
[     690ms] [LOG] [] @ http://restaurant21.lobytech.test:3002/src/presentation/views/Modules/Admin/Views/reporte-asistencia/index.tsx?t=1787530590430:203
[     690ms] [LOG] false @ http://restaurant21.lobytech.test:3002/src/components/Toggle/index.tsx:24
[     690ms] [LOG] () => {
    if (diaSemana === 0) {
      setCheckedTurno(false);
    } else {
      setCheckedTurno(!isTurno);
    }
  } @ http://restaurant21.lobytech.test:3002/src/components/Toggle/index.tsx:25
[     691ms] [LOG] {column: , asc: true} @ http://restaurant21.lobytech.test:3002/src/components/Datatable/table/DataTable.tsx:43
[     694ms] [LOG] [] @ http://restaurant21.lobytech.test:3002/src/components/Modal/Admin/Fichas/index.tsx?t=1787493067224:37
[     694ms] [LOG] [] @ http://restaurant21.lobytech.test:3002/src/components/Modal/Admin/Fichas/index.tsx?t=1787493067224:38
[     694ms] [LOG] null @ http://restaurant21.lobytech.test:3002/src/components/Modal/Admin/Fichas/index.tsx?t=1787493067224:39
[     694ms] [LOG] 844 @ http://restaurant21.lobytech.test:3002/src/components/Modal/Admin/Fichas/index.tsx?t=1787493067224:47
[     694ms] [LOG] 844 @ http://restaurant21.lobytech.test:3002/src/components/Modal/Admin/Fichas/index.tsx?t=1787493067224:48
[     696ms] [LOG] [] @ http://restaurant21.lobytech.test:3002/src/presentation/views/Modules/Admin/Views/reporte-asistencia/index.tsx?t=1787530590430:155
[     696ms] [LOG] Sun Aug 23 2026 00:00:00 GMT-0500 (hora estándar de Perú) @ http://restaurant21.lobytech.test:3002/src/presentation/views/Modules/Admin/Views/reporte-asistencia/index.tsx?t=1787530590430:175
[     696ms] [LOG] {turno: Turno Especial, diaSemana: 0} @ http://restaurant21.lobytech.test:3002/src/presentation/views/Modules/Admin/Views/reporte-asistencia/index.tsx?t=1787530590430:189
[     696ms] [LOG] Sun Aug 23 2026 00:00:00 GMT-0500 (hora estándar de Perú) @ http://restaurant21.lobytech.test:3002/src/presentation/views/Modules/Admin/Views/reporte-asistencia/index.tsx?t=1787530590430:175
[     696ms] [LOG] Sun Aug 23 2026 00:00:00 GMT-0500 (hora estándar de Perú) @ http://restaurant21.lobytech.test:3002/src/presentation/views/Modules/Admin/Views/reporte-asistencia/index.tsx?t=1787530590430:175
[     696ms] [LOG] [] @ http://restaurant21.lobytech.test:3002/src/presentation/views/Modules/Admin/Views/reporte-asistencia/index.tsx?t=1787530590430:203
[     697ms] [LOG] false @ http://restaurant21.lobytech.test:3002/src/components/Toggle/index.tsx:24
[     697ms] [LOG] () => {
    if (diaSemana === 0) {
      setCheckedTurno(false);
    } else {
      setCheckedTurno(!isTurno);
    }
  } @ http://restaurant21.lobytech.test:3002/src/components/Toggle/index.tsx:25
[     698ms] [LOG] {column: , asc: true} @ http://restaurant21.lobytech.test:3002/src/components/Datatable/table/DataTable.tsx:43
[     699ms] [LOG] [] @ http://restaurant21.lobytech.test:3002/src/components/Datatable/table/TableBody/TableBody.tsx:35
[     699ms] [LOG] [] @ http://restaurant21.lobytech.test:3002/src/components/Datatable/table/TableBody/TableBody.tsx:36
[     700ms] [LOG] [] @ http://restaurant21.lobytech.test:3002/src/components/Modal/Admin/Fichas/index.tsx?t=1787493067224:37
[     700ms] [LOG] [] @ http://restaurant21.lobytech.test:3002/src/components/Modal/Admin/Fichas/index.tsx?t=1787493067224:38
[     700ms] [LOG] null @ http://restaurant21.lobytech.test:3002/src/components/Modal/Admin/Fichas/index.tsx?t=1787493067224:39
[     700ms] [LOG] 844 @ http://restaurant21.lobytech.test:3002/src/components/Modal/Admin/Fichas/index.tsx?t=1787493067224:47
[     700ms] [LOG] 844 @ http://restaurant21.lobytech.test:3002/src/components/Modal/Admin/Fichas/index.tsx?t=1787493067224:48
[     706ms] [LOG] {column: , asc: true} @ http://restaurant21.lobytech.test:3002/src/components/Datatable/table/DataTable.tsx:43
[     707ms] [LOG] [] @ http://restaurant21.lobytech.test:3002/src/components/Datatable/table/TableBody/TableBody.tsx:35
[     708ms] [LOG] [] @ http://restaurant21.lobytech.test:3002/src/components/Datatable/table/TableBody/TableBody.tsx:36
[     897ms] [LOG] {code: 1, message: Success, data: Object, status: 200} @ http://restaurant21.lobytech.test:3002/src/redux/reducers/Admin/clientes-proveedores/clientesProveedoresAnfitrionas.reducer.ts:250
[     897ms] [ERROR] Failed to load resource: the server responded with a status of 404 (Not Found) @ http://localhost:5002/api/productos/listar?CategoriaId=2&GrupoId=16&Value=&Page=1&Amount=100:0
[     898ms] [LOG] AxiosError @ http://restaurant21.lobytech.test:3002/src/utils/axios.ts:19
[     898ms] [LOG] AxiosError @ http://restaurant21.lobytech.test:3002/src/redux/reducers/Admin/productos/producto.reducer.ts:364
[    1087ms] [LOG] {code: 1, message: Success, data: Array(66), status: 200} @ http://restaurant21.lobytech.test:3002/src/redux/reducers/Admin/asistencia/asistencia.reducer.ts:222
[    1088ms] [LOG] [] @ http://restaurant21.lobytech.test:3002/src/presentation/views/Modules/Admin/Views/reporte-asistencia/index.tsx?t=1787530590430:155
[    1089ms] [LOG] Sun Aug 23 2026 00:00:00 GMT-0500 (hora estándar de Perú) @ http://restaurant21.lobytech.test:3002/src/presentation/views/Modules/Admin/Views/reporte-asistencia/index.tsx?t=1787530590430:175
[    1089ms] [LOG] {turno: Turno Especial, diaSemana: 0} @ http://restaurant21.lobytech.test:3002/src/presentation/views/Modules/Admin/Views/reporte-asistencia/index.tsx?t=1787530590430:189
[    1089ms] [LOG] Sun Aug 23 2026 00:00:00 GMT-0500 (hora estándar de Perú) @ http://restaurant21.lobytech.test:3002/src/presentation/views/Modules/Admin/Views/reporte-asistencia/index.tsx?t=1787530590430:175
[    1089ms] [LOG] Sun Aug 23 2026 00:00:00 GMT-0500 (hora estándar de Perú) @ http://restaurant21.lobytech.test:3002/src/presentation/views/Modules/Admin/Views/reporte-asistencia/index.tsx?t=1787530590430:175
[    1090ms] [LOG] [] @ http://restaurant21.lobytech.test:3002/src/presentation/views/Modules/Admin/Views/reporte-asistencia/index.tsx?t=1787530590430:203
[    1090ms] [LOG] false @ http://restaurant21.lobytech.test:3002/src/components/Toggle/index.tsx:24
[    1090ms] [LOG] () => {
    if (diaSemana === 0) {
      setCheckedTurno(false);
    } else {
      setCheckedTurno(!isTurno);
    }
  } @ http://restaurant21.lobytech.test:3002/src/components/Toggle/index.tsx:25
[    1091ms] [LOG] {column: , asc: true} @ http://restaurant21.lobytech.test:3002/src/components/Datatable/table/DataTable.tsx:43
[    1092ms] [LOG] [] @ http://restaurant21.lobytech.test:3002/src/components/Datatable/table/TableBody/TableBody.tsx:35
[    1092ms] [LOG] [] @ http://restaurant21.lobytech.test:3002/src/components/Datatable/table/TableBody/TableBody.tsx:36
[    1092ms] [LOG] [] @ http://restaurant21.lobytech.test:3002/src/components/Modal/Admin/Fichas/index.tsx?t=1787493067224:37
[    1093ms] [LOG] [] @ http://restaurant21.lobytech.test:3002/src/components/Modal/Admin/Fichas/index.tsx?t=1787493067224:38
[    1093ms] [LOG] null @ http://restaurant21.lobytech.test:3002/src/components/Modal/Admin/Fichas/index.tsx?t=1787493067224:39
[    1093ms] [LOG] 844 @ http://restaurant21.lobytech.test:3002/src/components/Modal/Admin/Fichas/index.tsx?t=1787493067224:47
[    1093ms] [LOG] 844 @ http://restaurant21.lobytech.test:3002/src/components/Modal/Admin/Fichas/index.tsx?t=1787493067224:48
[    1096ms] [LOG] {column: , asc: true} @ http://restaurant21.lobytech.test:3002/src/components/Datatable/table/DataTable.tsx:43
[    1097ms] [LOG] [] @ http://restaurant21.lobytech.test:3002/src/components/Datatable/table/TableBody/TableBody.tsx:35
[    1097ms] [LOG] [] @ http://restaurant21.lobytech.test:3002/src/components/Datatable/table/TableBody/TableBody.tsx:36
