[     223ms] [INFO] %cDownload the React DevTools for a better development experience: https://reactjs.org/link/react-devtools font-weight:bold @ http://restaurant21.lobytech.test:3001/node_modules/.vite/deps/chunk-GYWC62UC.js?v=96cc1621:21535
[     282ms] [LOG]  @ http://restaurant21.lobytech.test:3001/src/presentation/views/Modules/Admin/Views/Productos/index.tsx:55
[     282ms] [LOG] 0 @ http://restaurant21.lobytech.test:3001/src/presentation/views/Modules/Admin/Views/Productos/index.tsx:91
[     282ms] [LOG] 1 @ http://restaurant21.lobytech.test:3001/src/presentation/views/Modules/Admin/Views/Productos/index.tsx:186
[     282ms] [LOG] undefined @ http://restaurant21.lobytech.test:3001/src/presentation/views/Modules/Admin/Views/Productos/index.tsx:191
[     291ms] [LOG] [] @ http://restaurant21.lobytech.test:3001/src/components/Modal/Admin/Producto/index.tsx:63
[     292ms] [LOG] 0 @ http://restaurant21.lobytech.test:3001/src/components/Modal/Admin/Producto/index.tsx:84
[     292ms] [LOG] [] @ http://restaurant21.lobytech.test:3001/src/components/Modal/Admin/Producto/index.tsx:111
[     292ms] [LOG] [] @ http://restaurant21.lobytech.test:3001/src/components/Modal/Admin/Producto/index.tsx:121
[     320ms] [LOG] here @ http://restaurant21.lobytech.test:3001/src/presentation/views/Modules/Admin/Views/Productos/index.tsx:88
[     328ms] [LOG] null @ http://restaurant21.lobytech.test:3001/src/presentation/views/Login/index.tsx?t=1786998232626:67
[     328ms] [LOG] null @ http://restaurant21.lobytech.test:3001/src/presentation/views/Login/index.tsx?t=1786998232626:68
[     328ms] [LOG] null @ http://restaurant21.lobytech.test:3001/src/presentation/views/Login/index.tsx?t=1786998232626:100
[     405ms] [VERBOSE] [DOM] Password field is not contained in a form: (More info: https://goo.gl/9p2vKq) %o @ http://restaurant21.lobytech.test:3001/:0
[    2671ms] [LOG] AxiosError @ http://restaurant21.lobytech.test:3001/src/redux/reducers/Admin/my-business/myBusiness.reducer.ts:174
[    2671ms] [ERROR] Failed to load resource: net::ERR_CONNECTION_REFUSED @ http://localhost:5001/api/tenant/recursos:0
[    2671ms] [LOG] AxiosError @ http://restaurant21.lobytech.test:3001/src/utils/axios.ts:19
[    2672ms] [LOG] TypeError: Cannot read properties of undefined (reading 'status')
    at http://restaurant21.lobytech.test:3001/src/utils/axios.ts:21:26
    at async http://restaurant21.lobytech.test:3001/src/redux/reducers/Admin/productos/producto.reducer.ts:312:24 @ http://restaurant21.lobytech.test:3001/src/redux/reducers/Admin/productos/producto.reducer.ts:331
[    2672ms] [ERROR] Failed to load resource: net::ERR_CONNECTION_REFUSED @ http://localhost:5001/api/productos/listar?CategoriaId=0&Value=&Page=1&Amount=12:0
[    2673ms] [LOG] AxiosError @ http://restaurant21.lobytech.test:3001/src/utils/axios.ts:19
[    2673ms] [LOG] TypeError: Cannot read properties of undefined (reading 'status')
    at http://restaurant21.lobytech.test:3001/src/utils/axios.ts:21:26
    at async http://restaurant21.lobytech.test:3001/src/redux/reducers/Admin/productos/producto.reducer.ts:346:24 @ http://restaurant21.lobytech.test:3001/src/redux/reducers/Admin/productos/producto.reducer.ts:354
[    2673ms] [ERROR] Failed to load resource: net::ERR_CONNECTION_REFUSED @ http://localhost:5001/api/Category/listar:0
[    2673ms] [LOG] AxiosError @ http://restaurant21.lobytech.test:3001/src/utils/axios.ts:19
[    2673ms] [LOG] TypeError: Cannot read properties of undefined (reading 'status')
    at http://restaurant21.lobytech.test:3001/src/utils/axios.ts:21:26
    at async http://restaurant21.lobytech.test:3001/src/redux/reducers/Admin/productos/producto.reducer.ts:523:24 @ http://restaurant21.lobytech.test:3001/src/redux/reducers/Admin/productos/producto.reducer.ts:534
[    2673ms] [ERROR] Failed to load resource: net::ERR_CONNECTION_REFUSED @ http://localhost:5001/api/Grupo/listar?CategoriaId=0:0
[    2674ms] [LOG] AxiosError @ http://restaurant21.lobytech.test:3001/src/utils/axios.ts:19
[    2674ms] [LOG] TypeError: Cannot read properties of undefined (reading 'status')
    at http://restaurant21.lobytech.test:3001/src/utils/axios.ts:21:26
    at async http://restaurant21.lobytech.test:3001/src/redux/reducers/Admin/productos/producto.reducer.ts:542:24 @ http://restaurant21.lobytech.test:3001/src/redux/reducers/Admin/productos/producto.reducer.ts:553
[    2674ms] [ERROR] Failed to load resource: net::ERR_CONNECTION_REFUSED @ http://localhost:5001/api/Grupo/listar:0
