[     462ms] [INFO] %cDownload the React DevTools for a better development experience: https://reactjs.org/link/react-devtools font-weight:bold @ http://restaurant21.lobytech.test:3002/node_modules/.vite/deps/chunk-GYWC62UC.js?v=23710b64:21535
[     522ms] [LOG]  @ http://restaurant21.lobytech.test:3002/src/presentation/views/Modules/Admin/Views/Productos/index.tsx?t=1787493088342:59
[     522ms] [LOG] 0 @ http://restaurant21.lobytech.test:3002/src/presentation/views/Modules/Admin/Views/Productos/index.tsx?t=1787493088342:95
[     522ms] [LOG] 1 @ http://restaurant21.lobytech.test:3002/src/presentation/views/Modules/Admin/Views/Productos/index.tsx?t=1787493088342:190
[     522ms] [LOG] undefined @ http://restaurant21.lobytech.test:3002/src/presentation/views/Modules/Admin/Views/Productos/index.tsx?t=1787493088342:195
[     528ms] [LOG] [] @ http://restaurant21.lobytech.test:3002/src/components/Modal/Admin/Producto/index.tsx?t=1787493067224:63
[     528ms] [LOG] 0 @ http://restaurant21.lobytech.test:3002/src/components/Modal/Admin/Producto/index.tsx?t=1787493067224:84
[     528ms] [LOG] [] @ http://restaurant21.lobytech.test:3002/src/components/Modal/Admin/Producto/index.tsx?t=1787493067224:111
[     528ms] [LOG] [] @ http://restaurant21.lobytech.test:3002/src/components/Modal/Admin/Producto/index.tsx?t=1787493067224:121
[     532ms] [LOG] here @ http://restaurant21.lobytech.test:3002/src/presentation/views/Modules/Admin/Views/Productos/index.tsx?t=1787493088342:92
[     571ms] [LOG]  @ http://restaurant21.lobytech.test:3002/src/presentation/views/Modules/Admin/Views/Productos/index.tsx?t=1787493088342:59
[     571ms] [LOG] 0 @ http://restaurant21.lobytech.test:3002/src/presentation/views/Modules/Admin/Views/Productos/index.tsx?t=1787493088342:95
[     571ms] [LOG] 1 @ http://restaurant21.lobytech.test:3002/src/presentation/views/Modules/Admin/Views/Productos/index.tsx?t=1787493088342:190
[     571ms] [LOG] undefined @ http://restaurant21.lobytech.test:3002/src/presentation/views/Modules/Admin/Views/Productos/index.tsx?t=1787493088342:195
[     574ms] [LOG] [] @ http://restaurant21.lobytech.test:3002/src/components/Modal/Admin/Producto/index.tsx?t=1787493067224:63
[     574ms] [LOG] 0 @ http://restaurant21.lobytech.test:3002/src/components/Modal/Admin/Producto/index.tsx?t=1787493067224:84
[     575ms] [LOG] [] @ http://restaurant21.lobytech.test:3002/src/components/Modal/Admin/Producto/index.tsx?t=1787493067224:111
[     576ms] [LOG] [] @ http://restaurant21.lobytech.test:3002/src/components/Modal/Admin/Producto/index.tsx?t=1787493067224:121
[     589ms] [LOG]  @ http://restaurant21.lobytech.test:3002/src/presentation/views/Modules/Admin/Views/Productos/index.tsx?t=1787493088342:59
[     590ms] [LOG] 0 @ http://restaurant21.lobytech.test:3002/src/presentation/views/Modules/Admin/Views/Productos/index.tsx?t=1787493088342:95
[     590ms] [LOG] 1 @ http://restaurant21.lobytech.test:3002/src/presentation/views/Modules/Admin/Views/Productos/index.tsx?t=1787493088342:190
[     590ms] [LOG] undefined @ http://restaurant21.lobytech.test:3002/src/presentation/views/Modules/Admin/Views/Productos/index.tsx?t=1787493088342:195
[     593ms] [LOG] [] @ http://restaurant21.lobytech.test:3002/src/components/Modal/Admin/Producto/index.tsx?t=1787493067224:63
[     593ms] [LOG] 0 @ http://restaurant21.lobytech.test:3002/src/components/Modal/Admin/Producto/index.tsx?t=1787493067224:84
[     593ms] [LOG] [] @ http://restaurant21.lobytech.test:3002/src/components/Modal/Admin/Producto/index.tsx?t=1787493067224:111
[     593ms] [LOG] [] @ http://restaurant21.lobytech.test:3002/src/components/Modal/Admin/Producto/index.tsx?t=1787493067224:121
[     601ms] [LOG]  @ http://restaurant21.lobytech.test:3002/src/presentation/views/Modules/Admin/Views/Productos/index.tsx?t=1787493088342:59
[     602ms] [LOG] 0 @ http://restaurant21.lobytech.test:3002/src/presentation/views/Modules/Admin/Views/Productos/index.tsx?t=1787493088342:95
[     602ms] [LOG] 1 @ http://restaurant21.lobytech.test:3002/src/presentation/views/Modules/Admin/Views/Productos/index.tsx?t=1787493088342:190
[     602ms] [LOG] undefined @ http://restaurant21.lobytech.test:3002/src/presentation/views/Modules/Admin/Views/Productos/index.tsx?t=1787493088342:195
[     772ms] [LOG] {code: 1, message: Succeeded, data: Array(6), status: 200} @ http://restaurant21.lobytech.test:3002/src/redux/reducers/Admin/productos/producto.reducer.ts:559
[     773ms] [LOG]  @ http://restaurant21.lobytech.test:3002/src/presentation/views/Modules/Admin/Views/Productos/index.tsx?t=1787493088342:59
[     773ms] [LOG] 0 @ http://restaurant21.lobytech.test:3002/src/presentation/views/Modules/Admin/Views/Productos/index.tsx?t=1787493088342:95
[     773ms] [LOG] 1 @ http://restaurant21.lobytech.test:3002/src/presentation/views/Modules/Admin/Views/Productos/index.tsx?t=1787493088342:190
[     774ms] [LOG] undefined @ http://restaurant21.lobytech.test:3002/src/presentation/views/Modules/Admin/Views/Productos/index.tsx?t=1787493088342:195
[     776ms] [LOG] [Object, Object, Object, Object, Object, Object] @ http://restaurant21.lobytech.test:3002/src/components/Modal/Admin/Producto/index.tsx?t=1787493067224:63
[     776ms] [LOG] 0 @ http://restaurant21.lobytech.test:3002/src/components/Modal/Admin/Producto/index.tsx?t=1787493067224:84
[     777ms] [LOG] [] @ http://restaurant21.lobytech.test:3002/src/components/Modal/Admin/Producto/index.tsx?t=1787493067224:111
[     777ms] [LOG] [] @ http://restaurant21.lobytech.test:3002/src/components/Modal/Admin/Producto/index.tsx?t=1787493067224:121
[     779ms] [LOG] here @ http://restaurant21.lobytech.test:3002/src/presentation/views/Modules/Admin/Views/Productos/index.tsx?t=1787493088342:92
[     780ms] [LOG] {code: 1, message: Succeeded, data: Array(6), status: 200} @ http://restaurant21.lobytech.test:3002/src/redux/reducers/Admin/productos/producto.reducer.ts:578
[     782ms] [LOG]  @ http://restaurant21.lobytech.test:3002/src/presentation/views/Modules/Admin/Views/Productos/index.tsx?t=1787493088342:59
[     782ms] [LOG] 0 @ http://restaurant21.lobytech.test:3002/src/presentation/views/Modules/Admin/Views/Productos/index.tsx?t=1787493088342:95
[     782ms] [LOG] 1 @ http://restaurant21.lobytech.test:3002/src/presentation/views/Modules/Admin/Views/Productos/index.tsx?t=1787493088342:190
[     782ms] [LOG] undefined @ http://restaurant21.lobytech.test:3002/src/presentation/views/Modules/Admin/Views/Productos/index.tsx?t=1787493088342:195
[     784ms] [LOG] [Object, Object, Object, Object, Object, Object] @ http://restaurant21.lobytech.test:3002/src/components/Modal/Admin/Producto/index.tsx?t=1787493067224:63
[     784ms] [LOG] 0 @ http://restaurant21.lobytech.test:3002/src/components/Modal/Admin/Producto/index.tsx?t=1787493067224:84
[     784ms] [LOG] [] @ http://restaurant21.lobytech.test:3002/src/components/Modal/Admin/Producto/index.tsx?t=1787493067224:111
[     785ms] [LOG] [] @ http://restaurant21.lobytech.test:3002/src/components/Modal/Admin/Producto/index.tsx?t=1787493067224:121
[     789ms] [LOG]  @ http://restaurant21.lobytech.test:3002/src/presentation/views/Modules/Admin/Views/Productos/index.tsx?t=1787493088342:59
[     789ms] [LOG] 0 @ http://restaurant21.lobytech.test:3002/src/presentation/views/Modules/Admin/Views/Productos/index.tsx?t=1787493088342:95
[     789ms] [LOG] 1 @ http://restaurant21.lobytech.test:3002/src/presentation/views/Modules/Admin/Views/Productos/index.tsx?t=1787493088342:190
[     789ms] [LOG] undefined @ http://restaurant21.lobytech.test:3002/src/presentation/views/Modules/Admin/Views/Productos/index.tsx?t=1787493088342:195
[     794ms] [LOG] [Object, Object, Object, Object, Object, Object] @ http://restaurant21.lobytech.test:3002/src/components/Modal/Admin/Producto/index.tsx?t=1787493067224:63
[     794ms] [LOG] 0 @ http://restaurant21.lobytech.test:3002/src/components/Modal/Admin/Producto/index.tsx?t=1787493067224:84
[     794ms] [LOG] [Object, Object, Object, Object, Object, Object, Object] @ http://restaurant21.lobytech.test:3002/src/components/Modal/Admin/Producto/index.tsx?t=1787493067224:111
[     795ms] [LOG] [] @ http://restaurant21.lobytech.test:3002/src/components/Modal/Admin/Producto/index.tsx?t=1787493067224:121
[     801ms] [LOG]  @ http://restaurant21.lobytech.test:3002/src/presentation/views/Modules/Admin/Views/Productos/index.tsx?t=1787493088342:59
[     802ms] [LOG] 0 @ http://restaurant21.lobytech.test:3002/src/presentation/views/Modules/Admin/Views/Productos/index.tsx?t=1787493088342:95
[     802ms] [LOG] 1 @ http://restaurant21.lobytech.test:3002/src/presentation/views/Modules/Admin/Views/Productos/index.tsx?t=1787493088342:190
[     802ms] [LOG] undefined @ http://restaurant21.lobytech.test:3002/src/presentation/views/Modules/Admin/Views/Productos/index.tsx?t=1787493088342:195
[     804ms] [LOG] [Object, Object, Object, Object, Object, Object] @ http://restaurant21.lobytech.test:3002/src/components/Modal/Admin/Producto/index.tsx?t=1787493067224:63
[     805ms] [LOG] 0 @ http://restaurant21.lobytech.test:3002/src/components/Modal/Admin/Producto/index.tsx?t=1787493067224:84
[     805ms] [LOG] [Object, Object, Object, Object, Object, Object, Object] @ http://restaurant21.lobytech.test:3002/src/components/Modal/Admin/Producto/index.tsx?t=1787493067224:111
[     805ms] [LOG] [] @ http://restaurant21.lobytech.test:3002/src/components/Modal/Admin/Producto/index.tsx?t=1787493067224:121
[     807ms] [LOG]  @ http://restaurant21.lobytech.test:3002/src/presentation/views/Modules/Admin/Views/Productos/index.tsx?t=1787493088342:59
[     807ms] [LOG] 0 @ http://restaurant21.lobytech.test:3002/src/presentation/views/Modules/Admin/Views/Productos/index.tsx?t=1787493088342:95
[     808ms] [LOG] 1 @ http://restaurant21.lobytech.test:3002/src/presentation/views/Modules/Admin/Views/Productos/index.tsx?t=1787493088342:190
[     808ms] [LOG] undefined @ http://restaurant21.lobytech.test:3002/src/presentation/views/Modules/Admin/Views/Productos/index.tsx?t=1787493088342:195
[     989ms] [LOG]  @ http://restaurant21.lobytech.test:3002/src/presentation/views/Modules/Admin/Views/Productos/index.tsx?t=1787493088342:59
[     989ms] [LOG] 0 @ http://restaurant21.lobytech.test:3002/src/presentation/views/Modules/Admin/Views/Productos/index.tsx?t=1787493088342:95
[     989ms] [LOG] 1 @ http://restaurant21.lobytech.test:3002/src/presentation/views/Modules/Admin/Views/Productos/index.tsx?t=1787493088342:190
[     989ms] [LOG] undefined @ http://restaurant21.lobytech.test:3002/src/presentation/views/Modules/Admin/Views/Productos/index.tsx?t=1787493088342:195
[     993ms] [LOG] [Object, Object, Object, Object, Object, Object] @ http://restaurant21.lobytech.test:3002/src/components/Modal/Admin/Producto/index.tsx?t=1787493067224:63
[     994ms] [LOG] 0 @ http://restaurant21.lobytech.test:3002/src/components/Modal/Admin/Producto/index.tsx?t=1787493067224:84
[     994ms] [LOG] [Object, Object, Object, Object, Object, Object, Object] @ http://restaurant21.lobytech.test:3002/src/components/Modal/Admin/Producto/index.tsx?t=1787493067224:111
[     994ms] [LOG] [] @ http://restaurant21.lobytech.test:3002/src/components/Modal/Admin/Producto/index.tsx?t=1787493067224:121
[     996ms] [LOG] here @ http://restaurant21.lobytech.test:3002/src/presentation/views/Modules/Admin/Views/Productos/index.tsx?t=1787493088342:92
[     997ms] [LOG]  @ http://restaurant21.lobytech.test:3002/src/presentation/views/Modules/Admin/Views/Productos/index.tsx?t=1787493088342:59
[     997ms] [LOG] 0 @ http://restaurant21.lobytech.test:3002/src/presentation/views/Modules/Admin/Views/Productos/index.tsx?t=1787493088342:95
[     997ms] [LOG] 1 @ http://restaurant21.lobytech.test:3002/src/presentation/views/Modules/Admin/Views/Productos/index.tsx?t=1787493088342:190
[     997ms] [LOG] undefined @ http://restaurant21.lobytech.test:3002/src/presentation/views/Modules/Admin/Views/Productos/index.tsx?t=1787493088342:195
[    1002ms] [LOG] [Object, Object, Object, Object, Object, Object] @ http://restaurant21.lobytech.test:3002/src/components/Modal/Admin/Producto/index.tsx?t=1787493067224:63
[    1002ms] [LOG] 0 @ http://restaurant21.lobytech.test:3002/src/components/Modal/Admin/Producto/index.tsx?t=1787493067224:84
[    1002ms] [LOG] [Object, Object, Object, Object, Object, Object, Object] @ http://restaurant21.lobytech.test:3002/src/components/Modal/Admin/Producto/index.tsx?t=1787493067224:111
[    1002ms] [LOG] [] @ http://restaurant21.lobytech.test:3002/src/components/Modal/Admin/Producto/index.tsx?t=1787493067224:121
[    1006ms] [LOG]  @ http://restaurant21.lobytech.test:3002/src/presentation/views/Modules/Admin/Views/Productos/index.tsx?t=1787493088342:59
[    1006ms] [LOG] 0 @ http://restaurant21.lobytech.test:3002/src/presentation/views/Modules/Admin/Views/Productos/index.tsx?t=1787493088342:95
[    1006ms] [LOG] 1 @ http://restaurant21.lobytech.test:3002/src/presentation/views/Modules/Admin/Views/Productos/index.tsx?t=1787493088342:190
[    1006ms] [LOG] undefined @ http://restaurant21.lobytech.test:3002/src/presentation/views/Modules/Admin/Views/Productos/index.tsx?t=1787493088342:195
[    5604ms] [ERROR] Warning: Encountered two children with the same key, `%s`. Keys should be unique so that components maintain their identity across updates. Non-unique keys may cause children to be duplicated and/or omitted — the behavior is unsupported and could change in a future version.%s 5 
    at ul
    at div
    at aside
    at div
    at LayoutView (http://restaurant21.lobytech.test:3002/src/components/Sidebar/index.tsx?t=1787527165311:31:20)
    at RenderedRoute (http://restaurant21.lobytech.test:3002/node_modules/.vite/deps/react-router-dom.js?v=23710b64:3310:5)
    at Routes (http://restaurant21.lobytech.test:3002/node_modules/.vite/deps/react-router-dom.js?v=23710b64:3763:5)
    at div
    at Router (http://restaurant21.lobytech.test:3002/node_modules/.vite/deps/react-router-dom.js?v=23710b64:3710:15)
    at BrowserRouter (http://restaurant21.lobytech.test:3002/node_modules/.vite/deps/react-router-dom.js?v=23710b64:4190:5)
    at Dashboard
    at QueryClientProvider2 (http://restaurant21.lobytech.test:3002/node_modules/.vite/deps/react-query.js?v=23710b64:2647:21)
    at Provider (http://restaurant21.lobytech.test:3002/node_modules/.vite/deps/react-redux.js?v=23710b64:1481:3)
    at App (http://restaurant21.lobytech.test:3002/src/App.tsx?t=1787526951506:31:7)
    at Provider (http://restaurant21.lobytech.test:3002/node_modules/.vite/deps/react-redux.js?v=23710b64:1481:3) @ http://restaurant21.lobytech.test:3002/node_modules/.vite/deps/chunk-GYWC62UC.js?v=23710b64:520
[   18819ms] [ERROR] Warning: Encountered two children with the same key, `%s`. Keys should be unique so that components maintain their identity across updates. Non-unique keys may cause children to be duplicated and/or omitted — the behavior is unsupported and could change in a future version.%s 5 
    at ul
    at div
    at aside
    at div
    at LayoutView (http://restaurant21.lobytech.test:3002/src/components/Sidebar/index.tsx?t=1787527165311:31:20)
    at RenderedRoute (http://restaurant21.lobytech.test:3002/node_modules/.vite/deps/react-router-dom.js?v=23710b64:3310:5)
    at Routes (http://restaurant21.lobytech.test:3002/node_modules/.vite/deps/react-router-dom.js?v=23710b64:3763:5)
    at div
    at Router (http://restaurant21.lobytech.test:3002/node_modules/.vite/deps/react-router-dom.js?v=23710b64:3710:15)
    at BrowserRouter (http://restaurant21.lobytech.test:3002/node_modules/.vite/deps/react-router-dom.js?v=23710b64:4190:5)
    at Dashboard
    at QueryClientProvider2 (http://restaurant21.lobytech.test:3002/node_modules/.vite/deps/react-query.js?v=23710b64:2647:21)
    at Provider (http://restaurant21.lobytech.test:3002/node_modules/.vite/deps/react-redux.js?v=23710b64:1481:3)
    at App (http://restaurant21.lobytech.test:3002/src/App.tsx?t=1787526951506:31:7)
    at Provider (http://restaurant21.lobytech.test:3002/node_modules/.vite/deps/react-redux.js?v=23710b64:1481:3) @ http://restaurant21.lobytech.test:3002/node_modules/.vite/deps/chunk-GYWC62UC.js?v=23710b64:520
