[     453ms] [INFO] %cDownload the React DevTools for a better development experience: https://reactjs.org/link/react-devtools font-weight:bold @ http://restaurant21.lobytech.test:3002/node_modules/.vite/deps/chunk-GYWC62UC.js?v=23710b64:21535
[     608ms] [LOG]  @ http://restaurant21.lobytech.test:3002/src/presentation/views/Modules/Admin/Views/Productos/index.tsx?t=1787493088342:59
[     608ms] [LOG] 0 @ http://restaurant21.lobytech.test:3002/src/presentation/views/Modules/Admin/Views/Productos/index.tsx?t=1787493088342:95
[     609ms] [LOG] 1 @ http://restaurant21.lobytech.test:3002/src/presentation/views/Modules/Admin/Views/Productos/index.tsx?t=1787493088342:190
[     609ms] [LOG] undefined @ http://restaurant21.lobytech.test:3002/src/presentation/views/Modules/Admin/Views/Productos/index.tsx?t=1787493088342:195
[     620ms] [LOG] [] @ http://restaurant21.lobytech.test:3002/src/components/Modal/Admin/Producto/index.tsx?t=1787493067224:63
[     621ms] [LOG] 0 @ http://restaurant21.lobytech.test:3002/src/components/Modal/Admin/Producto/index.tsx?t=1787493067224:84
[     621ms] [LOG] [] @ http://restaurant21.lobytech.test:3002/src/components/Modal/Admin/Producto/index.tsx?t=1787493067224:111
[     621ms] [LOG] [] @ http://restaurant21.lobytech.test:3002/src/components/Modal/Admin/Producto/index.tsx?t=1787493067224:121
[     628ms] [LOG] here @ http://restaurant21.lobytech.test:3002/src/presentation/views/Modules/Admin/Views/Productos/index.tsx?t=1787493088342:92
[     706ms] [LOG]  @ http://restaurant21.lobytech.test:3002/src/presentation/views/Modules/Admin/Views/Productos/index.tsx?t=1787493088342:59
[     706ms] [LOG] 0 @ http://restaurant21.lobytech.test:3002/src/presentation/views/Modules/Admin/Views/Productos/index.tsx?t=1787493088342:95
[     707ms] [LOG] 1 @ http://restaurant21.lobytech.test:3002/src/presentation/views/Modules/Admin/Views/Productos/index.tsx?t=1787493088342:190
[     707ms] [LOG] undefined @ http://restaurant21.lobytech.test:3002/src/presentation/views/Modules/Admin/Views/Productos/index.tsx?t=1787493088342:195
[     711ms] [LOG] [] @ http://restaurant21.lobytech.test:3002/src/components/Modal/Admin/Producto/index.tsx?t=1787493067224:63
[     712ms] [LOG] 0 @ http://restaurant21.lobytech.test:3002/src/components/Modal/Admin/Producto/index.tsx?t=1787493067224:84
[     712ms] [LOG] [] @ http://restaurant21.lobytech.test:3002/src/components/Modal/Admin/Producto/index.tsx?t=1787493067224:111
[     712ms] [LOG] [] @ http://restaurant21.lobytech.test:3002/src/components/Modal/Admin/Producto/index.tsx?t=1787493067224:121
[     728ms] [LOG]  @ http://restaurant21.lobytech.test:3002/src/presentation/views/Modules/Admin/Views/Productos/index.tsx?t=1787493088342:59
[     728ms] [LOG] 0 @ http://restaurant21.lobytech.test:3002/src/presentation/views/Modules/Admin/Views/Productos/index.tsx?t=1787493088342:95
[     728ms] [LOG] 1 @ http://restaurant21.lobytech.test:3002/src/presentation/views/Modules/Admin/Views/Productos/index.tsx?t=1787493088342:190
[     728ms] [LOG] undefined @ http://restaurant21.lobytech.test:3002/src/presentation/views/Modules/Admin/Views/Productos/index.tsx?t=1787493088342:195
[     786ms] [LOG]  @ http://restaurant21.lobytech.test:3002/src/presentation/views/Modules/Admin/Views/Productos/index.tsx?t=1787493088342:59
[     786ms] [LOG] 0 @ http://restaurant21.lobytech.test:3002/src/presentation/views/Modules/Admin/Views/Productos/index.tsx?t=1787493088342:95
[     787ms] [LOG] 1 @ http://restaurant21.lobytech.test:3002/src/presentation/views/Modules/Admin/Views/Productos/index.tsx?t=1787493088342:190
[     787ms] [LOG] undefined @ http://restaurant21.lobytech.test:3002/src/presentation/views/Modules/Admin/Views/Productos/index.tsx?t=1787493088342:195
[     788ms] [LOG] [] @ http://restaurant21.lobytech.test:3002/src/components/Modal/Admin/Producto/index.tsx?t=1787493067224:63
[     789ms] [LOG] 0 @ http://restaurant21.lobytech.test:3002/src/components/Modal/Admin/Producto/index.tsx?t=1787493067224:84
[     789ms] [LOG] [] @ http://restaurant21.lobytech.test:3002/src/components/Modal/Admin/Producto/index.tsx?t=1787493067224:111
[     789ms] [LOG] [] @ http://restaurant21.lobytech.test:3002/src/components/Modal/Admin/Producto/index.tsx?t=1787493067224:121
[     900ms] [LOG] {code: 1, message: Succeeded, data: Array(6), status: 200} @ http://restaurant21.lobytech.test:3002/src/redux/reducers/Admin/productos/producto.reducer.ts:559
[     902ms] [LOG]  @ http://restaurant21.lobytech.test:3002/src/presentation/views/Modules/Admin/Views/Productos/index.tsx?t=1787493088342:59
[     902ms] [LOG] 0 @ http://restaurant21.lobytech.test:3002/src/presentation/views/Modules/Admin/Views/Productos/index.tsx?t=1787493088342:95
[     902ms] [LOG] 1 @ http://restaurant21.lobytech.test:3002/src/presentation/views/Modules/Admin/Views/Productos/index.tsx?t=1787493088342:190
[     902ms] [LOG] undefined @ http://restaurant21.lobytech.test:3002/src/presentation/views/Modules/Admin/Views/Productos/index.tsx?t=1787493088342:195
[     905ms] [LOG] [Object, Object, Object, Object, Object, Object] @ http://restaurant21.lobytech.test:3002/src/components/Modal/Admin/Producto/index.tsx?t=1787493067224:63
[     906ms] [LOG] 0 @ http://restaurant21.lobytech.test:3002/src/components/Modal/Admin/Producto/index.tsx?t=1787493067224:84
[     907ms] [LOG] [] @ http://restaurant21.lobytech.test:3002/src/components/Modal/Admin/Producto/index.tsx?t=1787493067224:111
[     908ms] [LOG] [] @ http://restaurant21.lobytech.test:3002/src/components/Modal/Admin/Producto/index.tsx?t=1787493067224:121
[     910ms] [LOG] here @ http://restaurant21.lobytech.test:3002/src/presentation/views/Modules/Admin/Views/Productos/index.tsx?t=1787493088342:92
[     911ms] [LOG]  @ http://restaurant21.lobytech.test:3002/src/presentation/views/Modules/Admin/Views/Productos/index.tsx?t=1787493088342:59
[     911ms] [LOG] 0 @ http://restaurant21.lobytech.test:3002/src/presentation/views/Modules/Admin/Views/Productos/index.tsx?t=1787493088342:95
[     911ms] [LOG] 1 @ http://restaurant21.lobytech.test:3002/src/presentation/views/Modules/Admin/Views/Productos/index.tsx?t=1787493088342:190
[     911ms] [LOG] undefined @ http://restaurant21.lobytech.test:3002/src/presentation/views/Modules/Admin/Views/Productos/index.tsx?t=1787493088342:195
[     912ms] [LOG] [Object, Object, Object, Object, Object, Object] @ http://restaurant21.lobytech.test:3002/src/components/Modal/Admin/Producto/index.tsx?t=1787493067224:63
[     912ms] [LOG] 0 @ http://restaurant21.lobytech.test:3002/src/components/Modal/Admin/Producto/index.tsx?t=1787493067224:84
[     913ms] [LOG] [] @ http://restaurant21.lobytech.test:3002/src/components/Modal/Admin/Producto/index.tsx?t=1787493067224:111
[     913ms] [LOG] [] @ http://restaurant21.lobytech.test:3002/src/components/Modal/Admin/Producto/index.tsx?t=1787493067224:121
[     914ms] [LOG]  @ http://restaurant21.lobytech.test:3002/src/presentation/views/Modules/Admin/Views/Productos/index.tsx?t=1787493088342:59
[     915ms] [LOG] 0 @ http://restaurant21.lobytech.test:3002/src/presentation/views/Modules/Admin/Views/Productos/index.tsx?t=1787493088342:95
[     915ms] [LOG] 1 @ http://restaurant21.lobytech.test:3002/src/presentation/views/Modules/Admin/Views/Productos/index.tsx?t=1787493088342:190
[     915ms] [LOG] undefined @ http://restaurant21.lobytech.test:3002/src/presentation/views/Modules/Admin/Views/Productos/index.tsx?t=1787493088342:195
[     918ms] [LOG]  @ http://restaurant21.lobytech.test:3002/src/presentation/views/Modules/Admin/Views/Productos/index.tsx?t=1787493088342:59
[     919ms] [LOG] 0 @ http://restaurant21.lobytech.test:3002/src/presentation/views/Modules/Admin/Views/Productos/index.tsx?t=1787493088342:95
[     919ms] [LOG] 1 @ http://restaurant21.lobytech.test:3002/src/presentation/views/Modules/Admin/Views/Productos/index.tsx?t=1787493088342:190
[     919ms] [LOG] undefined @ http://restaurant21.lobytech.test:3002/src/presentation/views/Modules/Admin/Views/Productos/index.tsx?t=1787493088342:195
[     922ms] [LOG] [Object, Object, Object, Object, Object, Object] @ http://restaurant21.lobytech.test:3002/src/components/Modal/Admin/Producto/index.tsx?t=1787493067224:63
[     923ms] [LOG] 0 @ http://restaurant21.lobytech.test:3002/src/components/Modal/Admin/Producto/index.tsx?t=1787493067224:84
[     923ms] [LOG] [Object, Object, Object, Object, Object, Object, Object] @ http://restaurant21.lobytech.test:3002/src/components/Modal/Admin/Producto/index.tsx?t=1787493067224:111
[     923ms] [LOG] [] @ http://restaurant21.lobytech.test:3002/src/components/Modal/Admin/Producto/index.tsx?t=1787493067224:121
[     936ms] [LOG] {code: 1, message: Succeeded, data: Array(6), status: 200} @ http://restaurant21.lobytech.test:3002/src/redux/reducers/Admin/productos/producto.reducer.ts:578
[     937ms] [LOG]  @ http://restaurant21.lobytech.test:3002/src/presentation/views/Modules/Admin/Views/Productos/index.tsx?t=1787493088342:59
[     937ms] [LOG] 0 @ http://restaurant21.lobytech.test:3002/src/presentation/views/Modules/Admin/Views/Productos/index.tsx?t=1787493088342:95
[     937ms] [LOG] 1 @ http://restaurant21.lobytech.test:3002/src/presentation/views/Modules/Admin/Views/Productos/index.tsx?t=1787493088342:190
[     937ms] [LOG] undefined @ http://restaurant21.lobytech.test:3002/src/presentation/views/Modules/Admin/Views/Productos/index.tsx?t=1787493088342:195
[     940ms] [LOG] [Object, Object, Object, Object, Object, Object] @ http://restaurant21.lobytech.test:3002/src/components/Modal/Admin/Producto/index.tsx?t=1787493067224:63
[     941ms] [LOG] 0 @ http://restaurant21.lobytech.test:3002/src/components/Modal/Admin/Producto/index.tsx?t=1787493067224:84
[     941ms] [LOG] [Object, Object, Object, Object, Object, Object, Object] @ http://restaurant21.lobytech.test:3002/src/components/Modal/Admin/Producto/index.tsx?t=1787493067224:111
[     941ms] [LOG] [] @ http://restaurant21.lobytech.test:3002/src/components/Modal/Admin/Producto/index.tsx?t=1787493067224:121
[    1085ms] [LOG]  @ http://restaurant21.lobytech.test:3002/src/presentation/views/Modules/Admin/Views/Productos/index.tsx?t=1787493088342:59
[    1086ms] [LOG] 0 @ http://restaurant21.lobytech.test:3002/src/presentation/views/Modules/Admin/Views/Productos/index.tsx?t=1787493088342:95
[    1086ms] [LOG] 1 @ http://restaurant21.lobytech.test:3002/src/presentation/views/Modules/Admin/Views/Productos/index.tsx?t=1787493088342:190
[    1086ms] [LOG] undefined @ http://restaurant21.lobytech.test:3002/src/presentation/views/Modules/Admin/Views/Productos/index.tsx?t=1787493088342:195
[    1088ms] [LOG] [Object, Object, Object, Object, Object, Object] @ http://restaurant21.lobytech.test:3002/src/components/Modal/Admin/Producto/index.tsx?t=1787493067224:63
[    1088ms] [LOG] 0 @ http://restaurant21.lobytech.test:3002/src/components/Modal/Admin/Producto/index.tsx?t=1787493067224:84
[    1089ms] [LOG] [Object, Object, Object, Object, Object, Object, Object] @ http://restaurant21.lobytech.test:3002/src/components/Modal/Admin/Producto/index.tsx?t=1787493067224:111
[    1089ms] [LOG] [] @ http://restaurant21.lobytech.test:3002/src/components/Modal/Admin/Producto/index.tsx?t=1787493067224:121
[    1091ms] [LOG] here @ http://restaurant21.lobytech.test:3002/src/presentation/views/Modules/Admin/Views/Productos/index.tsx?t=1787493088342:92
[    1091ms] [LOG]  @ http://restaurant21.lobytech.test:3002/src/presentation/views/Modules/Admin/Views/Productos/index.tsx?t=1787493088342:59
[    1092ms] [LOG] 0 @ http://restaurant21.lobytech.test:3002/src/presentation/views/Modules/Admin/Views/Productos/index.tsx?t=1787493088342:95
[    1092ms] [LOG] 1 @ http://restaurant21.lobytech.test:3002/src/presentation/views/Modules/Admin/Views/Productos/index.tsx?t=1787493088342:190
[    1092ms] [LOG] undefined @ http://restaurant21.lobytech.test:3002/src/presentation/views/Modules/Admin/Views/Productos/index.tsx?t=1787493088342:195
[    1095ms] [LOG] [Object, Object, Object, Object, Object, Object] @ http://restaurant21.lobytech.test:3002/src/components/Modal/Admin/Producto/index.tsx?t=1787493067224:63
[    1096ms] [LOG] 0 @ http://restaurant21.lobytech.test:3002/src/components/Modal/Admin/Producto/index.tsx?t=1787493067224:84
[    1096ms] [LOG] [Object, Object, Object, Object, Object, Object, Object] @ http://restaurant21.lobytech.test:3002/src/components/Modal/Admin/Producto/index.tsx?t=1787493067224:111
[    1096ms] [LOG] [] @ http://restaurant21.lobytech.test:3002/src/components/Modal/Admin/Producto/index.tsx?t=1787493067224:121
[    1105ms] [LOG]  @ http://restaurant21.lobytech.test:3002/src/presentation/views/Modules/Admin/Views/Productos/index.tsx?t=1787493088342:59
[    1105ms] [LOG] 0 @ http://restaurant21.lobytech.test:3002/src/presentation/views/Modules/Admin/Views/Productos/index.tsx?t=1787493088342:95
[    1105ms] [LOG] 1 @ http://restaurant21.lobytech.test:3002/src/presentation/views/Modules/Admin/Views/Productos/index.tsx?t=1787493088342:190
[    1105ms] [LOG] undefined @ http://restaurant21.lobytech.test:3002/src/presentation/views/Modules/Admin/Views/Productos/index.tsx?t=1787493088342:195
[   50600ms] [ERROR] Warning: Encountered two children with the same key, `%s`. Keys should be unique so that components maintain their identity across updates. Non-unique keys may cause children to be duplicated and/or omitted — the behavior is unsupported and could change in a future version.%s 5 
    at ul
    at div
    at aside
    at div
    at LayoutView (http://restaurant21.lobytech.test:3002/src/components/Sidebar/index.tsx?t=1787525685299:31:20)
    at RenderedRoute (http://restaurant21.lobytech.test:3002/node_modules/.vite/deps/react-router-dom.js?v=23710b64:3310:5)
    at Routes (http://restaurant21.lobytech.test:3002/node_modules/.vite/deps/react-router-dom.js?v=23710b64:3763:5)
    at div
    at Router (http://restaurant21.lobytech.test:3002/node_modules/.vite/deps/react-router-dom.js?v=23710b64:3710:15)
    at BrowserRouter (http://restaurant21.lobytech.test:3002/node_modules/.vite/deps/react-router-dom.js?v=23710b64:4190:5)
    at Dashboard
    at QueryClientProvider2 (http://restaurant21.lobytech.test:3002/node_modules/.vite/deps/react-query.js?v=23710b64:2647:21)
    at Provider (http://restaurant21.lobytech.test:3002/node_modules/.vite/deps/react-redux.js?v=23710b64:1481:3)
    at App (http://restaurant21.lobytech.test:3002/src/App.tsx?t=1787493088342:31:7)
    at Provider (http://restaurant21.lobytech.test:3002/node_modules/.vite/deps/react-redux.js?v=23710b64:1481:3) @ http://restaurant21.lobytech.test:3002/node_modules/.vite/deps/chunk-GYWC62UC.js?v=23710b64:520
